../Core/FatFS/ff.c:539:6:mem_cpy	32	static
../Core/FatFS/ff.c:556:6:mem_set	32	static
../Core/FatFS/ff.c:565:5:mem_cmp	40	static
../Core/FatFS/ff.c:575:5:chk_chr	16	static
../Core/FatFS/ff.c:620:9:chk_lock	24	static
../Core/FatFS/ff.c:646:5:enq_lock	16	static
../Core/FatFS/ff.c:656:6:inc_lock	24	static
../Core/FatFS/ff.c:688:9:dec_lock	24	static
../Core/FatFS/ff.c:711:6:clear_lock	24	static
../Core/FatFS/ff.c:732:9:sync_window	24	static
../Core/FatFS/ff.c:758:9:move_window	16	static
../Core/FatFS/ff.c:784:9:sync_fs	24	static
../Core/FatFS/ff.c:824:7:clust2sect	16	static
../Core/FatFS/ff.c:842:7:get_fat	32	static
../Core/FatFS/ff.c:885:9:put_fat	40	static
../Core/FatFS/ff.c:948:9:remove_chain	24	static
../Core/FatFS/ff.c:1001:7:create_chain	32	static
../Core/FatFS/ff.c:1088:9:dir_sdi	24	static
../Core/FatFS/ff.c:1136:9:dir_next	32	static
../Core/FatFS/ff.c:1205:9:dir_alloc	24	static
../Core/FatFS/ff.c:1239:7:ld_clust	24	static
../Core/FatFS/ff.c:1256:6:st_clust	16	static
../Core/FatFS/ff.c:1277:5:cmp_lfn	32	static
../Core/FatFS/ff.c:1308:5:pick_lfn	32	static
../Core/FatFS/ff.c:1341:6:fit_lfn	40	static
../Core/FatFS/ff.c:1377:6:gen_numname	48	static
../Core/FatFS/ff.c:1425:6:sum_sfn	24	static
../Core/FatFS/ff.c:1445:9:dir_find	32	static
../Core/FatFS/ff.c:1506:9:dir_read	32	static
../Core/FatFS/ff.c:1564:9:dir_register	48	static
../Core/FatFS/ff.c:1642:9:dir_remove	24	static
../Core/FatFS/ff.c:1687:9:create_name	48	static
../Core/FatFS/ff.c:1897:6:get_fileinfo	48	static
../Core/FatFS/ff.c:1979:9:follow_path	24	static
../Core/FatFS/ff.c:2041:6:check_fs	16	static
../Core/FatFS/ff.c:2067:9:chk_mounted	80	static
../Core/FatFS/ff.c:2235:9:validate	24	static
../Core/FatFS/ff.c:2268:9:f_mount	24	static
../Core/FatFS/ff.c:2308:9:f_open	600	static
../Core/FatFS/ff.c:2440:9:f_read	56	static
../Core/FatFS/ff.c:2541:9:f_write	48	static
../Core/FatFS/ff.c:2660:9:f_sync	32	static
../Core/FatFS/ff.c:2708:9:f_close	24	static
../Core/FatFS/ff.c:2877:9:f_lseek	40	static
../Core/FatFS/ff.c:3035:9:f_opendir	552	static
../Core/FatFS/ff.c:3082:9:f_readdir	544	static
../Core/FatFS/ff.c:3124:9:f_stat	584	static
../Core/FatFS/ff.c:3157:9:f_getfree	64	static
../Core/FatFS/ff.c:3224:9:f_truncate	24	static
../Core/FatFS/ff.c:3272:9:f_unlink	624	static
../Core/FatFS/ff.c:3341:9:f_mkdir	600	static
../Core/FatFS/ff.c:3414:9:f_chmod	584	static
../Core/FatFS/ff.c:3456:9:f_utime	584	static
../Core/FatFS/ff.c:3497:9:f_rename	656	static
