Archive member included to satisfy reference by file (symbol)

C:/ST/STM32CubeIDE_1.13.2/STM32CubeIDE/plugins/com.st.stm32cube.ide.mcu.externaltools.gnu-tools-for-stm32.11.3.rel1.win32_1.1.1.202309131626/tools/bin/../lib/gcc/arm-none-eabi/11.3.1/../../../../arm-none-eabi/lib/thumb/v7e-m+fp/hard\libc_nano.a(libc_a-exit.o)
                              C:/ST/STM32CubeIDE_1.13.2/STM32CubeIDE/plugins/com.st.stm32cube.ide.mcu.externaltools.gnu-tools-for-stm32.11.3.rel1.win32_1.1.1.202309131626/tools/bin/../lib/gcc/arm-none-eabi/11.3.1/../../../../arm-none-eabi/lib/thumb/v7e-m+fp/hard/crt0.o (exit)
C:/ST/STM32CubeIDE_1.13.2/STM32CubeIDE/plugins/com.st.stm32cube.ide.mcu.externaltools.gnu-tools-for-stm32.11.3.rel1.win32_1.1.1.202309131626/tools/bin/../lib/gcc/arm-none-eabi/11.3.1/../../../../arm-none-eabi/lib/thumb/v7e-m+fp/hard\libc_nano.a(libc_a-findfp.o)
                              C:/ST/STM32CubeIDE_1.13.2/STM32CubeIDE/plugins/com.st.stm32cube.ide.mcu.externaltools.gnu-tools-for-stm32.11.3.rel1.win32_1.1.1.202309131626/tools/bin/../lib/gcc/arm-none-eabi/11.3.1/../../../../arm-none-eabi/lib/thumb/v7e-m+fp/hard\libc_nano.a(libc_a-exit.o) (__stdio_exit_handler)
C:/ST/STM32CubeIDE_1.13.2/STM32CubeIDE/plugins/com.st.stm32cube.ide.mcu.externaltools.gnu-tools-for-stm32.11.3.rel1.win32_1.1.1.202309131626/tools/bin/../lib/gcc/arm-none-eabi/11.3.1/../../../../arm-none-eabi/lib/thumb/v7e-m+fp/hard\libc_nano.a(libc_a-fwalk.o)
                              C:/ST/STM32CubeIDE_1.13.2/STM32CubeIDE/plugins/com.st.stm32cube.ide.mcu.externaltools.gnu-tools-for-stm32.11.3.rel1.win32_1.1.1.202309131626/tools/bin/../lib/gcc/arm-none-eabi/11.3.1/../../../../arm-none-eabi/lib/thumb/v7e-m+fp/hard\libc_nano.a(libc_a-findfp.o) (_fwalk_sglue)
C:/ST/STM32CubeIDE_1.13.2/STM32CubeIDE/plugins/com.st.stm32cube.ide.mcu.externaltools.gnu-tools-for-stm32.11.3.rel1.win32_1.1.1.202309131626/tools/bin/../lib/gcc/arm-none-eabi/11.3.1/../../../../arm-none-eabi/lib/thumb/v7e-m+fp/hard\libc_nano.a(libc_a-printf.o)
                              ./Core/FatFS/diskio.o (printf)
C:/ST/STM32CubeIDE_1.13.2/STM32CubeIDE/plugins/com.st.stm32cube.ide.mcu.externaltools.gnu-tools-for-stm32.11.3.rel1.win32_1.1.1.202309131626/tools/bin/../lib/gcc/arm-none-eabi/11.3.1/../../../../arm-none-eabi/lib/thumb/v7e-m+fp/hard\libc_nano.a(libc_a-puts.o)
                              ./Core/FatFS/diskio.o (puts)
C:/ST/STM32CubeIDE_1.13.2/STM32CubeIDE/plugins/com.st.stm32cube.ide.mcu.externaltools.gnu-tools-for-stm32.11.3.rel1.win32_1.1.1.202309131626/tools/bin/../lib/gcc/arm-none-eabi/11.3.1/../../../../arm-none-eabi/lib/thumb/v7e-m+fp/hard\libc_nano.a(libc_a-stdio.o)
                              C:/ST/STM32CubeIDE_1.13.2/STM32CubeIDE/plugins/com.st.stm32cube.ide.mcu.externaltools.gnu-tools-for-stm32.11.3.rel1.win32_1.1.1.202309131626/tools/bin/../lib/gcc/arm-none-eabi/11.3.1/../../../../arm-none-eabi/lib/thumb/v7e-m+fp/hard\libc_nano.a(libc_a-findfp.o) (__sread)
C:/ST/STM32CubeIDE_1.13.2/STM32CubeIDE/plugins/com.st.stm32cube.ide.mcu.externaltools.gnu-tools-for-stm32.11.3.rel1.win32_1.1.1.202309131626/tools/bin/../lib/gcc/arm-none-eabi/11.3.1/../../../../arm-none-eabi/lib/thumb/v7e-m+fp/hard\libc_nano.a(libc_a-wbuf.o)
                              C:/ST/STM32CubeIDE_1.13.2/STM32CubeIDE/plugins/com.st.stm32cube.ide.mcu.externaltools.gnu-tools-for-stm32.11.3.rel1.win32_1.1.1.202309131626/tools/bin/../lib/gcc/arm-none-eabi/11.3.1/../../../../arm-none-eabi/lib/thumb/v7e-m+fp/hard\libc_nano.a(libc_a-puts.o) (__swbuf_r)
C:/ST/STM32CubeIDE_1.13.2/STM32CubeIDE/plugins/com.st.stm32cube.ide.mcu.externaltools.gnu-tools-for-stm32.11.3.rel1.win32_1.1.1.202309131626/tools/bin/../lib/gcc/arm-none-eabi/11.3.1/../../../../arm-none-eabi/lib/thumb/v7e-m+fp/hard\libc_nano.a(libc_a-wsetup.o)
                              C:/ST/STM32CubeIDE_1.13.2/STM32CubeIDE/plugins/com.st.stm32cube.ide.mcu.externaltools.gnu-tools-for-stm32.11.3.rel1.win32_1.1.1.202309131626/tools/bin/../lib/gcc/arm-none-eabi/11.3.1/../../../../arm-none-eabi/lib/thumb/v7e-m+fp/hard\libc_nano.a(libc_a-puts.o) (__swsetup_r)
C:/ST/STM32CubeIDE_1.13.2/STM32CubeIDE/plugins/com.st.stm32cube.ide.mcu.externaltools.gnu-tools-for-stm32.11.3.rel1.win32_1.1.1.202309131626/tools/bin/../lib/gcc/arm-none-eabi/11.3.1/../../../../arm-none-eabi/lib/thumb/v7e-m+fp/hard\libc_nano.a(libc_a-memset.o)
                              C:/ST/STM32CubeIDE_1.13.2/STM32CubeIDE/plugins/com.st.stm32cube.ide.mcu.externaltools.gnu-tools-for-stm32.11.3.rel1.win32_1.1.1.202309131626/tools/bin/../lib/gcc/arm-none-eabi/11.3.1/../../../../arm-none-eabi/lib/thumb/v7e-m+fp/hard/crt0.o (memset)
C:/ST/STM32CubeIDE_1.13.2/STM32CubeIDE/plugins/com.st.stm32cube.ide.mcu.externaltools.gnu-tools-for-stm32.11.3.rel1.win32_1.1.1.202309131626/tools/bin/../lib/gcc/arm-none-eabi/11.3.1/../../../../arm-none-eabi/lib/thumb/v7e-m+fp/hard\libc_nano.a(libc_a-closer.o)
[...]
Memory Configuration

Name             Origin             Length             Attributes
CCMRAM           0x0000000010000000 0x0000000000010000 xrw
RAM              0x0000000020000000 0x0000000000020000 xrw
FLASH            0x0000000008000000 0x0000000000100000 xr
*default*        0x0000000000000000 0xffffffffffffffff

Linker script and memory map

LOAD C:/ST/STM32CubeIDE_1.13.2/STM32CubeIDE/plugins/com.st.stm32cube.ide.mcu.externaltools.gnu-tools-for-stm32.11.3.rel1.win32_1.1.1.202309131626/tools/bin/../lib/gcc/arm-none-eabi/11.3.1/thumb/v7e-m+fp/hard/crti.o
LOAD C:/ST/STM32CubeIDE_1.13.2/STM32CubeIDE/plugins/com.st.stm32cube.ide.mcu.externaltools.gnu-tools-for-stm32.11.3.rel1.win32_1.1.1.202309131626/tools/bin/../lib/gcc/arm-none-eabi/11.3.1/thumb/v7e-m+fp/hard/crtbegin.o
LOAD C:/ST/STM32CubeIDE_1.13.2/STM32CubeIDE/plugins/com.st.stm32cube.ide.mcu.externaltools.gnu-tools-for-stm32.11.3.rel1.win32_1.1.1.202309131626/tools/bin/../lib/gcc/arm-none-eabi/11.3.1/../../../../arm-none-eabi/lib/thumb/v7e-m+fp/hard/crt0.o
LOAD ./Core/FatFS/diskio.o
LOAD ./Core/FatFS/ff.o
LOAD ./Core/Fonts/asc12.o
LOAD ./Core/Fonts/asc16.o
LOAD ./Core/Fonts/hz12.o
LOAD ./Core/Fonts/hz16.o
LOAD ./Core/Image/ADC.o
LOAD ./Core/Image/Camera.o
LOAD ./Core/Image/ChiLun.o
LOAD ./Core/Image/FM.o
LOAD ./Core/Image/GPS.o
LOAD ./Core/Image/LCD.o
LOAD ./Core/Image/MP3.o
LOAD ./Core/Image/Phone.o
LOAD ./Core/Image/Recorder.o
LOAD ./Core/Image/USBDisk.o
LOAD ./Core/Image/Wireless.o
LOAD ./Core/Image/chujiao.o
LOAD ./Core/Image/hwinfo.o
LOAD ./Core/Image/radio.o
LOAD ./Core/Image/web.o
LOAD ./Core/Src/bmp_file.o
LOAD ./Core/Src/hart_test.o
LOAD ./Core/Src/main.o
LOAD ./Core/Src/main_menu.o
LOAD ./Core/Src/param.o
LOAD ./Core/Src/stm32f4xx_hal_iwdg.o
LOAD ./Core/Src/stm32f4xx_hal_msp.o
LOAD ./Core/Src/stm32f4xx_hal_sram.o
LOAD ./Core/Src/stm32f4xx_hal_uart.o
LOAD ./Core/Src/stm32f4xx_hal_usart.o
LOAD ./Core/Src/stm32f4xx_it.o
LOAD ./Core/Src/stm32f4xx_ll_fmc.o
LOAD ./Core/Src/stm32f4xx_ll_fsmc.o
LOAD ./Core/Src/stm32f4xx_ll_usart.o
LOAD ./Core/Src/syscalls.o
LOAD ./Core/Src/sysmem.o
LOAD ./Core/Src/system_stm32f4xx.o
LOAD ./Core/Startup/startup_stm32f407igtx.o
LOAD ./Core/bsp/Src/LCD_RA8875.o
LOAD ./Core/bsp/Src/LCD_SPFD5420.o
LOAD ./Core/bsp/Src/bsp_eeprom_24xx.o
LOAD ./Core/bsp/Src/bsp_fsmc_sram.o
LOAD ./Core/bsp/Src/bsp_i2c_gpio.o
LOAD ./Core/bsp/Src/bsp_key.o
LOAD ./Core/bsp/Src/bsp_led.o
LOAD ./Core/bsp/Src/bsp_nand_flash.o
LOAD ./Core/bsp/Src/bsp_ra8875_port.o
LOAD ./Core/bsp/Src/bsp_sdio_sd.o
LOAD ./Core/bsp/Src/bsp_tft_lcd.o
LOAD ./Core/bsp/Src/bsp_timer.o
LOAD ./Core/bsp/Src/bsp_touch.o
LOAD ./Core/bsp/Src/bsp_uart_fifo.o
LOAD ./Core/bsp/bsp.o
LOAD ./Drivers/STM32F4xx_HAL_Driver/Src/stm32f4xx_hal.o
LOAD ./Drivers/STM32F4xx_HAL_Driver/Src/stm32f4xx_hal_cortex.o
LOAD ./Drivers/STM32F4xx_HAL_Driver/Src/stm32f4xx_hal_dma.o
LOAD ./Drivers/STM32F4xx_HAL_Driver/Src/stm32f4xx_hal_dma_ex.o
LOAD ./Drivers/STM32F4xx_HAL_Driver/Src/stm32f4xx_hal_exti.o
LOAD ./Drivers/STM32F4xx_HAL_Driver/Src/stm32f4xx_hal_flash.o
LOAD ./Drivers/STM32F4xx_HAL_Driver/Src/stm32f4xx_hal_flash_ex.o
LOAD ./Drivers/STM32F4xx_HAL_Driver/Src/stm32f4xx_hal_flash_ramfunc.o
LOAD ./Drivers/STM32F4xx_HAL_Driver/Src/stm32f4xx_hal_gpio.o
LOAD ./Drivers/STM32F4xx_HAL_Driver/Src/stm32f4xx_hal_nand.o
LOAD ./Drivers/STM32F4xx_HAL_Driver/Src/stm32f4xx_hal_pwr.o
LOAD ./Drivers/STM32F4xx_HAL_Driver/Src/stm32f4xx_hal_pwr_ex.o
LOAD ./Drivers/STM32F4xx_HAL_Driver/Src/stm32f4xx_hal_rcc.o
LOAD ./Drivers/STM32F4xx_HAL_Driver/Src/stm32f4xx_hal_rcc_ex.o
LOAD ./Drivers/STM32F4xx_HAL_Driver/Src/stm32f4xx_hal_tim.o
LOAD ./Drivers/STM32F4xx_HAL_Driver/Src/stm32f4xx_hal_tim_ex.o
START GROUP
LOAD C:/ST/STM32CubeIDE_1.13.2/STM32CubeIDE/plugins/com.st.stm32cube.ide.mcu.externaltools.gnu-tools-for-stm32.11.3.rel1.win32_1.1.1.202309131626/tools/bin/../lib/gcc/arm-none-eabi/11.3.1/../../../../arm-none-eabi/lib/thumb/v7e-m+fp/hard\libc_nano.a
LOAD C:/ST/STM32CubeIDE_1.13.2/STM32CubeIDE/plugins/com.st.stm32cube.ide.mcu.externaltools.gnu-tools-for-stm32.11.3.rel1.win32_1.1.1.202309131626/tools/bin/../lib/gcc/arm-none-eabi/11.3.1/../../../../arm-none-eabi/lib/thumb/v7e-m+fp/hard\libm.a
END GROUP
START GROUP
LOAD C:/ST/STM32CubeIDE_1.13.2/STM32CubeIDE/plugins/com.st.stm32cube.ide.mcu.externaltools.gnu-tools-for-stm32.11.3.rel1.win32_1.1.1.202309131626/tools/bin/../lib/gcc/arm-none-eabi/11.3.1/thumb/v7e-m+fp/hard\libgcc.a
LOAD C:/ST/STM32CubeIDE_1.13.2/STM32CubeIDE/plugins/com.st.stm32cube.ide.mcu.externaltools.gnu-tools-for-stm32.11.3.rel1.win32_1.1.1.202309131626/tools/bin/../lib/gcc/arm-none-eabi/11.3.1/../../../../arm-none-eabi/lib/thumb/v7e-m+fp/hard\libc_nano.a
END GROUP
START GROUP
LOAD C:/ST/STM32CubeIDE_1.13.2/STM32CubeIDE/plugins/com.st.stm32cube.ide.mcu.externaltools.gnu-tools-for-stm32.11.3.rel1.win32_1.1.1.202309131626/tools/bin/../lib/gcc/arm-none-eabi/11.3.1/thumb/v7e-m+fp/hard\libgcc.a
LOAD C:/ST/STM32CubeIDE_1.13.2/STM32CubeIDE/plugins/com.st.stm32cube.ide.mcu.externaltools.gnu-tools-for-stm32.11.3.rel1.win32_1.1.1.202309131626/tools/bin/../lib/gcc/arm-none-eabi/11.3.1/../../../../arm-none-eabi/lib/thumb/v7e-m+fp/hard\libc_nano.a
LOAD C:/ST/STM32CubeIDE_1.13.2/STM32CubeIDE/plugins/com.st.stm32cube.ide.mcu.externaltools.gnu-tools-for-stm32.11.3.rel1.win32_1.1.1.202309131626/tools/bin/../lib/gcc/arm-none-eabi/11.3.1/../../../../arm-none-eabi/lib/thumb/v7e-m+fp/hard\libnosys.a
END GROUP
START GROUP
LOAD C:/ST/STM32CubeIDE_1.13.2/STM32CubeIDE/plugins/com.st.stm32cube.ide.mcu.externaltools.gnu-tools-for-stm32.11.3.rel1.win32_1.1.1.202309131626/tools/bin/../lib/gcc/arm-none-eabi/11.3.1/thumb/v7e-m+fp/hard\libgcc.a
LOAD C:/ST/STM32CubeIDE_1.13.2/STM32CubeIDE/plugins/com.st.stm32cube.ide.mcu.externaltools.gnu-tools-for-stm32.11.3.rel1.win32_1.1.1.202309131626/tools/bin/../lib/gcc/arm-none-eabi/11.3.1/../../../../arm-none-eabi/lib/thumb/v7e-m+fp/hard\libc_nano.a
LOAD C:/ST/STM32CubeIDE_1.13.2/STM32CubeIDE/plugins/com.st.stm32cube.ide.mcu.externaltools.gnu-tools-for-stm32.11.3.rel1.win32_1.1.1.202309131626/tools/bin/../lib/gcc/arm-none-eabi/11.3.1/../../../../arm-none-eabi/lib/thumb/v7e-m+fp/hard\libnosys.a
END GROUP
LOAD C:/ST/STM32CubeIDE_1.13.2/STM32CubeIDE/plugins/com.st.stm32cube.ide.mcu.externaltools.gnu-tools-for-stm32.11.3.rel1.win32_1.1.1.202309131626/tools/bin/../lib/gcc/arm-none-eabi/11.3.1/thumb/v7e-m+fp/hard/crtend.o
LOAD C:/ST/STM32CubeIDE_1.13.2/STM32CubeIDE/plugins/com.st.stm32cube.ide.mcu.externaltools.gnu-tools-for-stm32.11.3.rel1.win32_1.1.1.202309131626/tools/bin/../lib/gcc/arm-none-eabi/11.3.1/thumb/v7e-m+fp/hard/crtn.o
                0x0000000020020000                _estack = (ORIGIN (RAM) + LENGTH (RAM))
                0x0000000000000200                _Min_Heap_Size = 0x200
                0x0000000000000400                _Min_Stack_Size = 0x400

.isr_vector     0x0000000008000000      0x188
                0x0000000008000000                . = ALIGN (0x4)
 *(.isr_vector)
 .isr_vector    0x0000000008000000      0x188 ./Core/Startup/startup_stm32f407igtx.o
                0x0000000008000000                g_pfnVectors
                0x0000000008000188                . = ALIGN (0x4)

.text           0x0000000008000188     0x4b44
                0x0000000008000188                . = ALIGN (0x4)
 *(.text)
 .text          0x0000000008000188       0x40 C:/ST/STM32CubeIDE_1.13.2/STM32CubeIDE/plugins/com.st.stm32cube.ide.mcu.externaltools.gnu-tools-for-stm32.11.3.rel1.win32_1.1.1.202309131626/tools/bin/../lib/gcc/arm-none-eabi/11.3.1/thumb/v7e-m+fp/hard/crtbegin.o
 .text          0x00000000080001c8       0x10 C:/ST/STM32CubeIDE_1.13.2/STM32CubeIDE/plugins/com.st.stm32cube.ide.mcu.externaltools.gnu-tools-for-stm32.11.3.rel1.win32_1.1.1.202309131626/tools/bin/../lib/gcc/arm-none-eabi/11.3.1/../../../../arm-none-eabi/lib/thumb/v7e-m+fp/hard\libc_nano.a(libc_a-strlen.o)
                0x00000000080001c8                strlen
 .text          0x00000000080001d8       0x30 C:/ST/STM32CubeIDE_1.13.2/STM32CubeIDE/plugins/com.st.stm32cube.ide.mcu.externaltools.gnu-tools-for-stm32.11.3.rel1.win32_1.1.1.202309131626/tools/bin/../lib/gcc/arm-none-eabi/11.3.1/thumb/v7e-m+fp/hard\libgcc.a(_aeabi_uldivmod.o)
                0x00000000080001d8                __aeabi_uldivmod
 .text          0x0000000008000208      0x2c8 C:/ST/STM32CubeIDE_1.13.2/STM32CubeIDE/plugins/com.st.stm32cube.ide.mcu.externaltools.gnu-tools-for-stm32.11.3.rel1.win32_1.1.1.202309131626/tools/bin/../lib/gcc/arm-none-eabi/11.3.1/thumb/v7e-m+fp/hard\libgcc.a(_udivmoddi4.o)
                0x0000000008000208                __udivmoddi4
 .text          0x00000000080004d0        0x4 C:/ST/STM32CubeIDE_1.13.2/STM32CubeIDE/plugins/com.st.stm32cube.ide.mcu.externaltools.gnu-tools-for-stm32.11.3.rel1.win32_1.1.1.202309131626/tools/bin/../lib/gcc/arm-none-eabi/11.3.1/thumb/v7e-m+fp/hard\libgcc.a(_dvmd_tls.o)
                0x00000000080004d0                __aeabi_idiv0
                0x00000000080004d0                __aeabi_ldiv0
 *(.text*)
 .text.MakeBmpHeader
                0x00000000080004d4       0x9c ./Core/Src/bmp_file.o
 .text.SaveScreenToBmp
                0x0000000008000570       0x46 ./Core/Src/bmp_file.o
                0x0000000008000570                SaveScreenToBmp
 *fill*         0x00000000080005b6        0x2 
 .text.HardInfo
                0x00000000080005b8       0x80 ./Core/Src/hart_test.o
                0x00000000080005b8                HardInfo
 .text.main     0x0000000008000638       0x5c ./Core/Src/main.o
                0x0000000008000638                main
 .text.SystemInit_clk
                0x0000000008000694       0x34 ./Core/Src/main.o
                0x0000000008000694                SystemInit_clk
 .text.SystemClock_Config
                0x00000000080006c8       0xd4 ./Core/Src/main.o
                0x00000000080006c8                SystemClock_Config
 .text.Error_Handler
                0x000000000800079c        0xa ./Core/Src/main.o
                0x000000000800079c                Error_Handler
 *fill*         0x00000000080007a6        0x2 
 .text.MainMenu
                0x00000000080007a8      0x318 ./Core/Src/main_menu.o
                0x00000000080007a8                MainMenu
 .text.DispBackground
                0x0000000008000ac0       0xb4 ./Core/Src/main_menu.o
 .text.LoadParam
                0x0000000008000b74      0x114 ./Core/Src/param.o
                0x0000000008000b74                LoadParam
 .text.SaveParam
                0x0000000008000c88       0x18 ./Core/Src/param.o
                0x0000000008000c88                SaveParam
 .text.HAL_MspInit
                0x0000000008000ca0       0x50 ./Core/Src/stm32f4xx_hal_msp.o
                0x0000000008000ca0                HAL_MspInit
 .text.HAL_SRAM_Init
                0x0000000008000cf0       0x90 ./Core/Src/stm32f4xx_hal_sram.o
                0x0000000008000cf0                HAL_SRAM_Init
 .text.HAL_SRAM_MspInit
                0x0000000008000d80       0x14 ./Core/Src/stm32f4xx_hal_sram.o
                0x0000000008000d80                HAL_SRAM_MspInit
 .text.HAL_UART_Init
                0x0000000008000d94       0x9a ./Core/Src/stm32f4xx_hal_uart.o
                0x0000000008000d94                HAL_UART_Init
 .text.HAL_UART_MspInit
                0x0000000008000e2e       0x14 ./Core/Src/stm32f4xx_hal_uart.o
                0x0000000008000e2e                HAL_UART_MspInit
 .text.HAL_UART_Transmit
                0x0000000008000e42      0x124 ./Core/Src/stm32f4xx_hal_uart.o
                0x0000000008000e42                HAL_UART_Transmit
 .text.UART_WaitOnFlagUntilTimeout
                0x0000000008000f66       0xdc ./Core/Src/stm32f4xx_hal_uart.o
 *fill*         0x0000000008001042        0x2 
 .text.UART_SetConfig
                0x0000000008001044      0x4e8 ./Core/Src/stm32f4xx_hal_uart.o
 .text.NMI_Handler
                0x000000000800152c        0x6 ./Core/Src/stm32f4xx_it.o
                0x000000000800152c                NMI_Handler
 .text.HardFault_Handler
                0x0000000008001532        0x6 ./Core/Src/stm32f4xx_it.o
                0x0000000008001532                HardFault_Handler
 .text.MemManage_Handler
                0x0000000008001538        0x6 ./Core/Src/stm32f4xx_it.o
                0x0000000008001538                MemManage_Handler
 .text.BusFault_Handler
                0x000000000800153e        0x6 ./Core/Src/stm32f4xx_it.o
                0x000000000800153e                BusFault_Handler
 .text.UsageFault_Handler
                0x0000000008001544        0x6 ./Core/Src/stm32f4xx_it.o
                0x0000000008001544                UsageFault_Handler
 .text.SVC_Handler
                0x000000000800154a        0xe ./Core/Src/stm32f4xx_it.o
                0x000000000800154a                SVC_Handler
 .text.DebugMon_Handler
                0x0000000008001558        0xe ./Core/Src/stm32f4xx_it.o
                0x0000000008001558                DebugMon_Handler
 .text.PendSV_Handler
                0x0000000008001566        0xe ./Core/Src/stm32f4xx_it.o
                0x0000000008001566                PendSV_Handler
 .text.SysTick_Handler
                0x0000000008001574        0xc ./Core/Src/stm32f4xx_it.o
                0x0000000008001574                SysTick_Handler
 .text.FSMC_NORSRAM_Init
                0x0000000008001580       0xd4 ./Core/Src/stm32f4xx_ll_fsmc.o
                0x0000000008001580                FSMC_NORSRAM_Init
 .text.FSMC_NORSRAM_Timing_Init
                0x0000000008001654       0x6a ./Core/Src/stm32f4xx_ll_fsmc.o
                0x0000000008001654                FSMC_NORSRAM_Timing_Init
 *fill*         0x00000000080016be        0x2 
 .text.FSMC_NORSRAM_Extended_Timing_Init
                0x00000000080016c0       0x70 ./Core/Src/stm32f4xx_ll_fsmc.o
                0x00000000080016c0                FSMC_NORSRAM_Extended_Timing_Init
 .text.SystemInit
                0x0000000008001730       0x24 ./Core/Src/system_stm32f4xx.o
                0x0000000008001730                SystemInit
 .text.Reset_Handler
                0x0000000008001754       0x50 ./Core/Startup/startup_stm32f407igtx.o
                0x0000000008001754                Reset_Handler
 .text.Default_Handler
                0x00000000080017a4        0x2 ./Core/Startup/startup_stm32f407igtx.o
                0x00000000080017a4                RTC_Alarm_IRQHandler
                0x00000000080017a4                HASH_RNG_IRQHandler
                0x00000000080017a4                EXTI2_IRQHandler
                0x00000000080017a4                TIM8_CC_IRQHandler
                0x00000000080017a4                TIM1_CC_IRQHandler
                0x00000000080017a4                DMA2_Stream5_IRQHandler
                0x00000000080017a4                DMA1_Stream5_IRQHandler
                0x00000000080017a4                PVD_IRQHandler
                0x00000000080017a4                SDIO_IRQHandler
                0x00000000080017a4                TAMP_STAMP_IRQHandler
                0x00000000080017a4                CAN2_RX1_IRQHandler
                0x00000000080017a4                EXTI3_IRQHandler
                0x00000000080017a4                TIM8_TRG_COM_TIM14_IRQHandler
                0x00000000080017a4                TIM1_UP_TIM10_IRQHandler
                0x00000000080017a4                TIM8_UP_TIM13_IRQHandler
                0x00000000080017a4                I2C3_ER_IRQHandler
                0x00000000080017a4                EXTI0_IRQHandler
                0x00000000080017a4                I2C2_EV_IRQHandler
                0x00000000080017a4                DMA1_Stream2_IRQHandler
                0x00000000080017a4                CAN1_RX0_IRQHandler
                0x00000000080017a4                FPU_IRQHandler
                0x00000000080017a4                OTG_HS_WKUP_IRQHandler
                0x00000000080017a4                CAN2_SCE_IRQHandler
                0x00000000080017a4                DMA2_Stream2_IRQHandler
                0x00000000080017a4                SPI1_IRQHandler
                0x00000000080017a4                TIM6_DAC_IRQHandler
                0x00000000080017a4                TIM1_BRK_TIM9_IRQHandler
                0x00000000080017a4                DCMI_IRQHandler
                0x00000000080017a4                CAN2_RX0_IRQHandler
                0x00000000080017a4                DMA2_Stream3_IRQHandler
                0x00000000080017a4                USART6_IRQHandler
                0x00000000080017a4                USART3_IRQHandler
                0x00000000080017a4                CAN1_RX1_IRQHandler
                0x00000000080017a4                UART5_IRQHandler
                0x00000000080017a4                DMA2_Stream0_IRQHandler
                0x00000000080017a4                TIM4_IRQHandler
                0x00000000080017a4                I2C1_EV_IRQHandler
                0x00000000080017a4                DMA1_Stream6_IRQHandler
                0x00000000080017a4                DMA1_Stream1_IRQHandler
                0x00000000080017a4                UART4_IRQHandler
                0x00000000080017a4                TIM3_IRQHandler
                0x00000000080017a4                RCC_IRQHandler
                0x00000000080017a4                TIM8_BRK_TIM12_IRQHandler
                0x00000000080017a4                Default_Handler
                0x00000000080017a4                EXTI15_10_IRQHandler
                0x00000000080017a4                ADC_IRQHandler
                0x00000000080017a4                DMA1_Stream7_IRQHandler
                0x00000000080017a4                TIM7_IRQHandler
                0x00000000080017a4                CAN2_TX_IRQHandler
                0x00000000080017a4                TIM5_IRQHandler
                0x00000000080017a4                DMA2_Stream7_IRQHandler
                0x00000000080017a4                I2C3_EV_IRQHandler
                0x00000000080017a4                EXTI9_5_IRQHandler
                0x00000000080017a4                RTC_WKUP_IRQHandler
                0x00000000080017a4                ETH_WKUP_IRQHandler
                0x00000000080017a4                SPI2_IRQHandler
                0x00000000080017a4                OTG_HS_EP1_IN_IRQHandler
                0x00000000080017a4                DMA1_Stream0_IRQHandler
                0x00000000080017a4                CAN1_TX_IRQHandler
                0x00000000080017a4                EXTI4_IRQHandler
                0x00000000080017a4                FSMC_IRQHandler
                0x00000000080017a4                ETH_IRQHandler
                0x00000000080017a4                OTG_HS_EP1_OUT_IRQHandler
                0x00000000080017a4                WWDG_IRQHandler
                0x00000000080017a4                TIM2_IRQHandler
                0x00000000080017a4                OTG_FS_WKUP_IRQHandler
                0x00000000080017a4                TIM1_TRG_COM_TIM11_IRQHandler
                0x00000000080017a4                OTG_HS_IRQHandler
                0x00000000080017a4                EXTI1_IRQHandler
                0x00000000080017a4                USART2_IRQHandler
                0x00000000080017a4                I2C2_ER_IRQHandler
                0x00000000080017a4                DMA2_Stream1_IRQHandler
                0x00000000080017a4                CAN1_SCE_IRQHandler
                0x00000000080017a4                FLASH_IRQHandler
                0x00000000080017a4                DMA2_Stream4_IRQHandler
                0x00000000080017a4                USART1_IRQHandler
                0x00000000080017a4                OTG_FS_IRQHandler
                0x00000000080017a4                SPI3_IRQHandler
                0x00000000080017a4                DMA1_Stream4_IRQHandler
                0x00000000080017a4                I2C1_ER_IRQHandler
                0x00000000080017a4                DMA2_Stream6_IRQHandler
                0x00000000080017a4                DMA1_Stream3_IRQHandler
 .text.RA8875_ReadID
                0x00000000080017a6       0x12 ./Core/bsp/Src/LCD_RA8875.o
                0x00000000080017a6                RA8875_ReadID
 .text.RA8875_ReadReg
                0x00000000080017b8       0x20 ./Core/bsp/Src/LCD_RA8875.o
 .text.RA8875_WriteReg
                0x00000000080017d8       0x38 ./Core/bsp/Src/LCD_RA8875.o
 .text.RA8875_InitHard
                0x0000000008001810      0x1b0 ./Core/bsp/Src/LCD_RA8875.o
                0x0000000008001810                RA8875_InitHard
 .text.RA8875_SetDispWin
                0x00000000080019c0       0xe4 ./Core/bsp/Src/LCD_RA8875.o
                0x00000000080019c0                RA8875_SetDispWin
 .text.RA8875_SetCursor
                0x0000000008001aa4       0x50 ./Core/bsp/Src/LCD_RA8875.o
 .text.RA8875_ClrScr
                0x0000000008001af4       0x50 ./Core/bsp/Src/LCD_RA8875.o
                0x0000000008001af4                RA8875_ClrScr
 .text.RA8875_PutPixel
                0x0000000008001b44       0x80 ./Core/bsp/Src/LCD_RA8875.o
                0x0000000008001b44                RA8875_PutPixel
 .text.BTE_SetTarBlock
                0x0000000008001bc4       0xb4 ./Core/bsp/Src/LCD_RA8875.o
 .text.BTE_SetOperateCode
                0x0000000008001c78       0x1c ./Core/bsp/Src/LCD_RA8875.o
 .text.RA8875_SetFrontColor
                0x0000000008001c94       0x48 ./Core/bsp/Src/LCD_RA8875.o
                0x0000000008001c94                RA8875_SetFrontColor
 .text.RA8875_DrawBMP
                0x0000000008001cdc       0x80 ./Core/bsp/Src/LCD_RA8875.o
                0x0000000008001cdc                RA8875_DrawBMP
 .text.RA8875_QuitWinMode
                0x0000000008001d5c       0x20 ./Core/bsp/Src/LCD_RA8875.o
                0x0000000008001d5c                RA8875_QuitWinMode
 .text.RA8875_WriteData16
                0x0000000008001d7c       0x1e ./Core/bsp/Src/LCD_RA8875.o
                0x0000000008001d7c                RA8875_WriteData16
 *fill*         0x0000000008001d9a        0x2 
 .text.BTE_Start
                0x0000000008001d9c       0x20 ./Core/bsp/Src/LCD_RA8875.o
 .text.BTE_Wait
                0x0000000008001dbc       0x24 ./Core/bsp/Src/LCD_RA8875.o
 .text.RA8875_SetBackLight
                0x0000000008001de0       0x44 ./Core/bsp/Src/LCD_RA8875.o
                0x0000000008001de0                RA8875_SetBackLight
 .text.RA8875_GetPixel
                0x0000000008001e24       0x5c ./Core/bsp/Src/LCD_RA8875.o
                0x0000000008001e24                RA8875_GetPixel
 .text.RA8875_SetReadCursor
                0x0000000008001e80       0x50 ./Core/bsp/Src/LCD_RA8875.o
 .text.RA8875_ReadData16
                0x0000000008001ed0       0x1c ./Core/bsp/Src/LCD_RA8875.o
                0x0000000008001ed0                RA8875_ReadData16
 .text.RA8875_TouchInit
                0x0000000008001eec       0x20 ./Core/bsp/Src/LCD_RA8875.o
                0x0000000008001eec                RA8875_TouchInit
 .text.SPFD5420_ReadID
                0x0000000008001f0c       0x10 ./Core/bsp/Src/LCD_SPFD5420.o
                0x0000000008001f0c                SPFD5420_ReadID
 .text.SPFD5420_ReadReg
                0x0000000008001f1c       0x2c ./Core/bsp/Src/LCD_SPFD5420.o
 .text.ee_ReadBytes
                0x0000000008001f48       0xbe ./Core/bsp/Src/bsp_eeprom_24xx.o
                0x0000000008001f48                ee_ReadBytes
 .text.ee_WriteBytes
                0x0000000008002006       0xde ./Core/bsp/Src/bsp_eeprom_24xx.o
                0x0000000008002006                ee_WriteBytes
 .text.bsp_InitExtSRAM
                0x00000000080020e4      0x1a8 ./Core/bsp/Src/bsp_fsmc_sram.o
                0x00000000080020e4                bsp_InitExtSRAM
 .text.i2c_Delay
                0x000000000800228c       0x26 ./Core/bsp/Src/bsp_i2c_gpio.o
                0x000000000800228c                i2c_Delay
 *fill*         0x00000000080022b2        0x2 
 .text.i2c_Start
                0x00000000080022b4       0x40 ./Core/bsp/Src/bsp_i2c_gpio.o
                0x00000000080022b4                i2c_Start
 .text.i2c_SendByte
                0x00000000080022f4       0x80 ./Core/bsp/Src/bsp_i2c_gpio.o
                0x00000000080022f4                i2c_SendByte
 .text.i2c_ReadByte
                0x0000000008002374       0x60 ./Core/bsp/Src/bsp_i2c_gpio.o
                0x0000000008002374                i2c_ReadByte
 .text.i2c_WaitAck
                0x00000000080023d4       0x58 ./Core/bsp/Src/bsp_i2c_gpio.o
                0x00000000080023d4                i2c_WaitAck
 .text.i2c_Ack  0x000000000800242c       0x40 ./Core/bsp/Src/bsp_i2c_gpio.o
                0x000000000800242c                i2c_Ack
 .text.i2c_NAck
                0x000000000800246c       0x38 ./Core/bsp/Src/bsp_i2c_gpio.o
                0x000000000800246c                i2c_NAck
 .text.i2c_Stop
                0x00000000080024a4       0x30 ./Core/bsp/Src/bsp_i2c_gpio.o
                0x00000000080024a4                i2c_Stop
 .text.bsp_InitI2C
                0x00000000080024d4       0x50 ./Core/bsp/Src/bsp_i2c_gpio.o
                0x00000000080024d4                bsp_InitI2C
 .text.IsKeyDown1
                0x0000000008002524       0x24 ./Core/bsp/Src/bsp_key.o
 .text.IsKeyDown2
                0x0000000008002548       0x24 ./Core/bsp/Src/bsp_key.o
 .text.IsKeyDown3
                0x000000000800256c       0x24 ./Core/bsp/Src/bsp_key.o
 .text.IsKeyDown4
                0x0000000008002590       0x24 ./Core/bsp/Src/bsp_key.o
 .text.IsKeyDown5
                0x00000000080025b4       0x24 ./Core/bsp/Src/bsp_key.o
 .text.IsKeyDown6
                0x00000000080025d8       0x24 ./Core/bsp/Src/bsp_key.o
 .text.IsKeyDown7
                0x00000000080025fc       0x24 ./Core/bsp/Src/bsp_key.o
 .text.IsKeyDown8
                0x0000000008002620       0x24 ./Core/bsp/Src/bsp_key.o
 .text.IsKeyDown9
                0x0000000008002644       0x22 ./Core/bsp/Src/bsp_key.o
 .text.IsKeyDown10
                0x0000000008002666       0x22 ./Core/bsp/Src/bsp_key.o
 .text.bsp_InitKey
                0x0000000008002688       0x10 ./Core/bsp/Src/bsp_key.o
                0x0000000008002688                bsp_InitKey
 .text.bsp_InitKeyVar
                0x0000000008002698      0x12c ./Core/bsp/Src/bsp_key.o
 .text.bsp_InitKeyHard
                0x00000000080027c4      0x148 ./Core/bsp/Src/bsp_key.o
 .text.bsp_GetKey2
                0x000000000800290c       0x50 ./Core/bsp/Src/bsp_key.o
                0x000000000800290c                bsp_GetKey2
 .text.bsp_GetKey
                0x000000000800295c       0x50 ./Core/bsp/Src/bsp_key.o
                0x000000000800295c                bsp_GetKey
 .text.bsp_InitLed
                0x00000000080029ac      0x11c ./Core/bsp/Src/bsp_led.o
                0x00000000080029ac                bsp_InitLed
 .text.bsp_LedOn
                0x0000000008002ac8       0x70 ./Core/bsp/Src/bsp_led.o
                0x0000000008002ac8                bsp_LedOn
 .text.bsp_LedOff
                0x0000000008002b38       0x70 ./Core/bsp/Src/bsp_led.o
                0x0000000008002b38                bsp_LedOff
 .text.RA8875_WriteCmd
                0x0000000008002ba8       0x24 ./Core/bsp/Src/bsp_ra8875_port.o
                0x0000000008002ba8                RA8875_WriteCmd
 .text.RA8875_ReadData
                0x0000000008002bcc       0x1e ./Core/bsp/Src/bsp_ra8875_port.o
                0x0000000008002bcc                RA8875_ReadData
 .text.RA8875_WriteData
                0x0000000008002bea       0x20 ./Core/bsp/Src/bsp_ra8875_port.o
                0x0000000008002bea                RA8875_WriteData
 *fill*         0x0000000008002c0a        0x2 
 .text.RA8875_ReadStatus
                0x0000000008002c0c       0x20 ./Core/bsp/Src/bsp_ra8875_port.o
                0x0000000008002c0c                RA8875_ReadStatus
 .text.RA8875_Delaly1us
                0x0000000008002c2c       0x26 ./Core/bsp/Src/bsp_ra8875_port.o
                0x0000000008002c2c                RA8875_Delaly1us
 .text.RA8875_Delaly1ms
                0x0000000008002c52       0x2a ./Core/bsp/Src/bsp_ra8875_port.o
                0x0000000008002c52                RA8875_Delaly1ms
 .text.LCD_InitHard
                0x0000000008002c7c       0x88 ./Core/bsp/Src/bsp_tft_lcd.o
                0x0000000008002c7c                LCD_InitHard
 .text.LCD_CtrlLinesConfig
                0x0000000008002d04       0xf0 ./Core/bsp/Src/bsp_tft_lcd.o
 .text.LCD_FSMCConfig
                0x0000000008002df4       0x98 ./Core/bsp/Src/bsp_tft_lcd.o
 .text.LCD_ClrScr
                0x0000000008002e8c       0x34 ./Core/bsp/Src/bsp_tft_lcd.o
                0x0000000008002e8c                LCD_ClrScr
 .text.LCD_SetBackLight
                0x0000000008002ec0       0x30 ./Core/bsp/Src/bsp_tft_lcd.o
                0x0000000008002ec0                LCD_SetBackLight
 .text.LCD_DrawBMP
                0x0000000008002ef0       0x44 ./Core/bsp/Src/bsp_tft_lcd.o
                0x0000000008002ef0                LCD_DrawBMP
 .text.LCD_DispStr
                0x0000000008002f34      0x248 ./Core/bsp/Src/bsp_tft_lcd.o
                0x0000000008002f34                LCD_DispStr
 .text.LCD_PutPixel
                0x000000000800317c       0x34 ./Core/bsp/Src/bsp_tft_lcd.o
                0x000000000800317c                LCD_PutPixel
 .text.LCD_DrawIcon32
                0x00000000080031b0      0x2bc ./Core/bsp/Src/bsp_tft_lcd.o
                0x00000000080031b0                LCD_DrawIcon32
 .text.Blend565
                0x000000000800346c       0x68 ./Core/bsp/Src/bsp_tft_lcd.o
                0x000000000800346c                Blend565
 .text.LCD_GetPixel
                0x00000000080034d4       0x38 ./Core/bsp/Src/bsp_tft_lcd.o
                0x00000000080034d4                LCD_GetPixel
 .text.LCD_GetHeight
                0x000000000800350c       0x18 ./Core/bsp/Src/bsp_tft_lcd.o
                0x000000000800350c                LCD_GetHeight
 .text.LCD_GetWidth
                0x0000000008003524       0x18 ./Core/bsp/Src/bsp_tft_lcd.o
                0x0000000008003524                LCD_GetWidth
 .text.__NVIC_SetPriority
                0x000000000800353c       0x54 ./Core/bsp/Src/bsp_timer.o
 .text.SysTick_Config
                0x0000000008003590       0x44 ./Core/bsp/Src/bsp_timer.o
 .text.bsp_InitTimer
                0x00000000080035d4       0x8c ./Core/bsp/Src/bsp_timer.o
                0x00000000080035d4                bsp_InitTimer
 .text.TOUCH_InitHard
                0x0000000008003660       0x48 ./Core/bsp/Src/bsp_touch.o
                0x0000000008003660                TOUCH_InitHard
 .text.TOUCH_LoadParam
                0x00000000080036a8       0x5c ./Core/bsp/Src/bsp_touch.o
 .text.TOUCH_GetKey
                0x0000000008003704       0x90 ./Core/bsp/Src/bsp_touch.o
                0x0000000008003704                TOUCH_GetKey
 .text.TOUCH_InRect
                0x0000000008003794       0x56 ./Core/bsp/Src/bsp_touch.o
                0x0000000008003794                TOUCH_InRect
 .text.bsp_InitUart
                0x00000000080037ea       0x14 ./Core/bsp/Src/bsp_uart_fifo.o
                0x00000000080037ea                bsp_InitUart
 *fill*         0x00000000080037fe        0x2 
 .text.USART3_SendBefor
                0x0000000008003800       0x18 ./Core/bsp/Src/bsp_uart_fifo.o
                0x0000000008003800                USART3_SendBefor
 .text.USART3_SendOver
                0x0000000008003818       0x18 ./Core/bsp/Src/bsp_uart_fifo.o
                0x0000000008003818                USART3_SendOver
 .text.UartVarInit
                0x0000000008003830      0x1b4 ./Core/bsp/Src/bsp_uart_fifo.o
 .text.InitHardUart
                0x00000000080039e4      0x1c4 ./Core/bsp/Src/bsp_uart_fifo.o
 .text.ConfigUartNVIC
                0x0000000008003ba8       0x4e ./Core/bsp/Src/bsp_uart_fifo.o
 *fill*         0x0000000008003bf6        0x2 
 .text.UART1_Transmit
                0x0000000008003bf8       0x38 ./Core/bsp/Src/bsp_uart_fifo.o
                0x0000000008003bf8                UART1_Transmit
 .text.UART1_Transmit_String
                0x0000000008003c30       0x24 ./Core/bsp/Src/bsp_uart_fifo.o
                0x0000000008003c30                UART1_Transmit_String
 .text.bsp_Init
                0x0000000008003c54       0x26 ./Core/bsp/bsp.o
                0x0000000008003c54                bsp_Init
 *fill*         0x0000000008003c7a        0x2 
 .text.bsp_Idle
                0x0000000008003c7c       0x28 ./Core/bsp/bsp.o
                0x0000000008003c7c                bsp_Idle
 .text.HAL_Init
                0x0000000008003ca4       0x44 ./Drivers/STM32F4xx_HAL_Driver/Src/stm32f4xx_hal.o
                0x0000000008003ca4                HAL_Init
 .text.HAL_InitTick
                0x0000000008003ce8       0x60 ./Drivers/STM32F4xx_HAL_Driver/Src/stm32f4xx_hal.o
                0x0000000008003ce8                HAL_InitTick
 .text.HAL_IncTick
                0x0000000008003d48       0x28 ./Drivers/STM32F4xx_HAL_Driver/Src/stm32f4xx_hal.o
                0x0000000008003d48                HAL_IncTick
 .text.HAL_GetTick
                0x0000000008003d70       0x18 ./Drivers/STM32F4xx_HAL_Driver/Src/stm32f4xx_hal.o
                0x0000000008003d70                HAL_GetTick
 .text.HAL_Delay
                0x0000000008003d88       0x48 ./Drivers/STM32F4xx_HAL_Driver/Src/stm32f4xx_hal.o
                0x0000000008003d88                HAL_Delay
 .text.__NVIC_SetPriorityGrouping
                0x0000000008003dd0       0x48 ./Drivers/STM32F4xx_HAL_Driver/Src/stm32f4xx_hal_cortex.o
 .text.__NVIC_GetPriorityGrouping
                0x0000000008003e18       0x1c ./Drivers/STM32F4xx_HAL_Driver/Src/stm32f4xx_hal_cortex.o
 .text.__NVIC_EnableIRQ
                0x0000000008003e34       0x3c ./Drivers/STM32F4xx_HAL_Driver/Src/stm32f4xx_hal_cortex.o
 .text.__NVIC_SetPriority
                0x0000000008003e70       0x54 ./Drivers/STM32F4xx_HAL_Driver/Src/stm32f4xx_hal_cortex.o
 .text.NVIC_EncodePriority
                0x0000000008003ec4       0x66 ./Drivers/STM32F4xx_HAL_Driver/Src/stm32f4xx_hal_cortex.o
 *fill*         0x0000000008003f2a        0x2 
 .text.SysTick_Config
                0x0000000008003f2c       0x44 ./Drivers/STM32F4xx_HAL_Driver/Src/stm32f4xx_hal_cortex.o
 .text.HAL_NVIC_SetPriorityGrouping
                0x0000000008003f70       0x16 ./Drivers/STM32F4xx_HAL_Driver/Src/stm32f4xx_hal_cortex.o
                0x0000000008003f70                HAL_NVIC_SetPriorityGrouping
 .text.HAL_NVIC_SetPriority
                0x0000000008003f86       0x38 ./Drivers/STM32F4xx_HAL_Driver/Src/stm32f4xx_hal_cortex.o
                0x0000000008003f86                HAL_NVIC_SetPriority
 .text.HAL_NVIC_EnableIRQ
                0x0000000008003fbe       0x1c ./Drivers/STM32F4xx_HAL_Driver/Src/stm32f4xx_hal_cortex.o
                0x0000000008003fbe                HAL_NVIC_EnableIRQ
 .text.HAL_SYSTICK_Config
                0x0000000008003fda       0x18 ./Drivers/STM32F4xx_HAL_Driver/Src/stm32f4xx_hal_cortex.o
                0x0000000008003fda                HAL_SYSTICK_Config
 *fill*         0x0000000008003ff2        0x2 
 .text.HAL_GPIO_Init
                0x0000000008003ff4      0x338 ./Drivers/STM32F4xx_HAL_Driver/Src/stm32f4xx_hal_gpio.o
                0x0000000008003ff4                HAL_GPIO_Init
 .text.HAL_GPIO_ReadPin
                0x000000000800432c       0x30 ./Drivers/STM32F4xx_HAL_Driver/Src/stm32f4xx_hal_gpio.o
                0x000000000800432c                HAL_GPIO_ReadPin
 .text.HAL_GPIO_WritePin
                0x000000000800435c       0x32 ./Drivers/STM32F4xx_HAL_Driver/Src/stm32f4xx_hal_gpio.o
                0x000000000800435c                HAL_GPIO_WritePin
 *fill*         0x000000000800438e        0x2 
 .text.HAL_RCC_OscConfig
                0x0000000008004390      0x4f0 ./Drivers/STM32F4xx_HAL_Driver/Src/stm32f4xx_hal_rcc.o
                0x0000000008004390                HAL_RCC_OscConfig
 .text.HAL_RCC_ClockConfig
                0x0000000008004880      0x1cc ./Drivers/STM32F4xx_HAL_Driver/Src/stm32f4xx_hal_rcc.o
                0x0000000008004880                HAL_RCC_ClockConfig
 .text.HAL_RCC_GetSysClockFreq
                0x0000000008004a4c      0x18c ./Drivers/STM32F4xx_HAL_Driver/Src/stm32f4xx_hal_rcc.o
                0x0000000008004a4c                HAL_RCC_GetSysClockFreq
 .text.HAL_RCC_GetHCLKFreq
                0x0000000008004bd8       0x18 ./Drivers/STM32F4xx_HAL_Driver/Src/stm32f4xx_hal_rcc.o
                0x0000000008004bd8                HAL_RCC_GetHCLKFreq
 .text.HAL_RCC_GetPCLK1Freq
                0x0000000008004bf0       0x28 ./Drivers/STM32F4xx_HAL_Driver/Src/stm32f4xx_hal_rcc.o
                0x0000000008004bf0                HAL_RCC_GetPCLK1Freq
 .text.HAL_RCC_GetPCLK2Freq
                0x0000000008004c18       0x28 ./Drivers/STM32F4xx_HAL_Driver/Src/stm32f4xx_hal_rcc.o
                0x0000000008004c18                HAL_RCC_GetPCLK2Freq
 .text.memset   0x0000000008004c40       0x10 C:/ST/STM32CubeIDE_1.13.2/STM32CubeIDE/plugins/com.st.stm32cube.ide.mcu.externaltools.gnu-tools-for-stm32.11.3.rel1.win32_1.1.1.202309131626/tools/bin/../lib/gcc/arm-none-eabi/11.3.1/../../../../arm-none-eabi/lib/thumb/v7e-m+fp/hard\libc_nano.a(libc_a-memset.o)
                0x0000000008004c40                memset
 .text.__libc_init_array
                0x0000000008004c50       0x48 C:/ST/STM32CubeIDE_1.13.2/STM32CubeIDE/plugins/com.st.stm32cube.ide.mcu.externaltools.gnu-tools-for-stm32.11.3.rel1.win32_1.1.1.202309131626/tools/bin/../lib/gcc/arm-none-eabi/11.3.1/../../../../arm-none-eabi/lib/thumb/v7e-m+fp/hard\libc_nano.a(libc_a-init.o)
                0x0000000008004c50                __libc_init_array
 .text.memcpy   0x0000000008004c98       0x1c C:/ST/STM32CubeIDE_1.13.2/STM32CubeIDE/plugins/com.st.stm32cube.ide.mcu.externaltools.gnu-tools-for-stm32.11.3.rel1.win32_1.1.1.202309131626/tools/bin/../lib/gcc/arm-none-eabi/11.3.1/../../../../arm-none-eabi/lib/thumb/v7e-m+fp/hard\libc_nano.a(libc_a-memcpy-stub.o)
                0x0000000008004c98                memcpy
 *(.glue_7)
 .glue_7        0x0000000008004cb4        0x0 linker stubs
 *(.glue_7t)
 .glue_7t       0x0000000008004cb4        0x0 linker stubs
 *(.eh_frame)
 .eh_frame      0x0000000008004cb4        0x0 C:/ST/STM32CubeIDE_1.13.2/STM32CubeIDE/plugins/com.st.stm32cube.ide.mcu.externaltools.gnu-tools-for-stm32.11.3.rel1.win32_1.1.1.202309131626/tools/bin/../lib/gcc/arm-none-eabi/11.3.1/thumb/v7e-m+fp/hard/crtbegin.o
 *(.init)
 .init          0x0000000008004cb4        0x4 C:/ST/STM32CubeIDE_1.13.2/STM32CubeIDE/plugins/com.st.stm32cube.ide.mcu.externaltools.gnu-tools-for-stm32.11.3.rel1.win32_1.1.1.202309131626/tools/bin/../lib/gcc/arm-none-eabi/11.3.1/thumb/v7e-m+fp/hard/crti.o
                0x0000000008004cb4                _init
 .init          0x0000000008004cb8        0x8 C:/ST/STM32CubeIDE_1.13.2/STM32CubeIDE/plugins/com.st.stm32cube.ide.mcu.externaltools.gnu-tools-for-stm32.11.3.rel1.win32_1.1.1.202309131626/tools/bin/../lib/gcc/arm-none-eabi/11.3.1/thumb/v7e-m+fp/hard/crtn.o
 *(.fini)
 .fini          0x0000000008004cc0        0x4 C:/ST/STM32CubeIDE_1.13.2/STM32CubeIDE/plugins/com.st.stm32cube.ide.mcu.externaltools.gnu-tools-for-stm32.11.3.rel1.win32_1.1.1.202309131626/tools/bin/../lib/gcc/arm-none-eabi/11.3.1/thumb/v7e-m+fp/hard/crti.o
                0x0000000008004cc0                _fini
 .fini          0x0000000008004cc4        0x8 C:/ST/STM32CubeIDE_1.13.2/STM32CubeIDE/plugins/com.st.stm32cube.ide.mcu.externaltools.gnu-tools-for-stm32.11.3.rel1.win32_1.1.1.202309131626/tools/bin/../lib/gcc/arm-none-eabi/11.3.1/thumb/v7e-m+fp/hard/crtn.o
                0x0000000008004ccc                . = ALIGN (0x4)
                0x0000000008004ccc                _etext = .

.vfp11_veneer   0x0000000008004ccc        0x0
 .vfp11_veneer  0x0000000008004ccc        0x0 linker stubs

.v4_bx          0x0000000008004ccc        0x0
 .v4_bx         0x0000000008004ccc        0x0 linker stubs

.iplt           0x0000000008004ccc        0x0
 .iplt          0x0000000008004ccc        0x0 C:/ST/STM32CubeIDE_1.13.2/STM32CubeIDE/plugins/com.st.stm32cube.ide.mcu.externaltools.gnu-tools-for-stm32.11.3.rel1.win32_1.1.1.202309131626/tools/bin/../lib/gcc/arm-none-eabi/11.3.1/thumb/v7e-m+fp/hard/crtbegin.o

.rodata         0x0000000008004ccc    0x21488
                0x0000000008004ccc                . = ALIGN (0x4)
 *(.rodata)
 .rodata        0x0000000008004ccc       0x31 ./Core/Src/hart_test.o
 *fill*         0x0000000008004cfd        0x3 
 .rodata        0x0000000008004d00       0x4f ./Core/Src/main_menu.o
 *fill*         0x0000000008004d4f        0x1 
 .rodata        0x0000000008004d50       0x22 ./Core/bsp/Src/bsp_tft_lcd.o
 *(.rodata*)
 *fill*         0x0000000008004d72        0x2 
 .rodata.g_Ascii12
                0x0000000008004d74      0x5f4 ./Core/Fonts/asc12.o
                0x0000000008004d74                g_Ascii12
 .rodata.g_Ascii16
                0x0000000008005368     0x1000 ./Core/Fonts/asc16.o
                0x0000000008005368                g_Ascii16
 .rodata.acADC  0x0000000008006368     0x2437 ./Core/Image/ADC.o
                0x0000000008006368                acADC
 *fill*         0x000000000800879f        0x1 
 .rodata.acCamera
                0x00000000080087a0     0x2437 ./Core/Image/Camera.o
                0x00000000080087a0                acCamera
 *fill*         0x000000000800abd7        0x1 
 .rodata.acChiLun
                0x000000000800abd8     0x2437 ./Core/Image/ChiLun.o
                0x000000000800abd8                acChiLun
 *fill*         0x000000000800d00f        0x1 
 .rodata.acGPS  0x000000000800d010     0x2437 ./Core/Image/GPS.o
                0x000000000800d010                acGPS
 *fill*         0x000000000800f447        0x1 
 .rodata.acLCD  0x000000000800f448     0x2437 ./Core/Image/LCD.o
                0x000000000800f448                acLCD
 *fill*         0x000000000801187f        0x1 
 .rodata.acMP3  0x0000000008011880     0x2437 ./Core/Image/MP3.o
                0x0000000008011880                acMP3
 *fill*         0x0000000008013cb7        0x1 
 .rodata.acPhone
                0x0000000008013cb8     0x2437 ./Core/Image/Phone.o
                0x0000000008013cb8                acPhone
 *fill*         0x00000000080160ef        0x1 
 .rodata.acRecorder
                0x00000000080160f0     0x2437 ./Core/Image/Recorder.o
                0x00000000080160f0                acRecorder
 *fill*         0x0000000008018527        0x1 
 .rodata.acUSBDisk
                0x0000000008018528     0x2437 ./Core/Image/USBDisk.o
                0x0000000008018528                acUSBDisk
 *fill*         0x000000000801a95f        0x1 
 .rodata.acWireless
                0x000000000801a960     0x2437 ./Core/Image/Wireless.o
                0x000000000801a960                acWireless
 *fill*         0x000000000801cd97        0x1 
 .rodata.acchujiao
                0x000000000801cd98     0x2437 ./Core/Image/chujiao.o
                0x000000000801cd98                acchujiao
 *fill*         0x000000000801f1cf        0x1 
 .rodata.achwinfo
                0x000000000801f1d0     0x2437 ./Core/Image/hwinfo.o
                0x000000000801f1d0                achwinfo
 *fill*         0x0000000008021607        0x1 
 .rodata.acRadio
                0x0000000008021608     0x2437 ./Core/Image/radio.o
                0x0000000008021608                acRadio
 *fill*         0x0000000008023a3f        0x1 
 .rodata.acweb  0x0000000008023a40     0x2437 ./Core/Image/web.o
                0x0000000008023a40                acweb
 *fill*         0x0000000008025e77        0x1 
 .rodata.s_tMainIcons
                0x0000000008025e78      0x240 ./Core/Src/main_menu.o
 .rodata.s_RetStatus
                0x00000000080260b8       0x12 ./Core/Src/main_menu.o
 *fill*         0x00000000080260ca        0x2 
 .rodata.s_UI480
                0x00000000080260cc       0x38 ./Core/Src/main_menu.o
 .rodata.s_UI800
                0x0000000008026104       0x38 ./Core/Src/main_menu.o
 .rodata.AHBPrescTable
                0x000000000802613c       0x10 ./Core/Src/system_stm32f4xx.o
                0x000000000802613c                AHBPrescTable
 .rodata.APBPrescTable
                0x000000000802614c        0x8 ./Core/Src/system_stm32f4xx.o
                0x000000000802614c                APBPrescTable
                0x0000000008026154                . = ALIGN (0x4)

.ARM.extab      0x0000000008026154        0x0
                0x0000000008026154                . = ALIGN (0x4)
 *(.ARM.extab* .gnu.linkonce.armextab.*)
                0x0000000008026154                . = ALIGN (0x4)

.ARM            0x0000000008026154        0x8
                0x0000000008026154                . = ALIGN (0x4)
                0x0000000008026154                __exidx_start = .
 *(.ARM.exidx*)
 .ARM.exidx     0x0000000008026154        0x8 C:/ST/STM32CubeIDE_1.13.2/STM32CubeIDE/plugins/com.st.stm32cube.ide.mcu.externaltools.gnu-tools-for-stm32.11.3.rel1.win32_1.1.1.202309131626/tools/bin/../lib/gcc/arm-none-eabi/11.3.1/thumb/v7e-m+fp/hard\libgcc.a(_udivmoddi4.o)
                0x000000000802615c                __exidx_end = .
                0x000000000802615c                . = ALIGN (0x4)

.rel.dyn        0x000000000802615c        0x0
 .rel.iplt      0x000000000802615c        0x0 C:/ST/STM32CubeIDE_1.13.2/STM32CubeIDE/plugins/com.st.stm32cube.ide.mcu.externaltools.gnu-tools-for-stm32.11.3.rel1.win32_1.1.1.202309131626/tools/bin/../lib/gcc/arm-none-eabi/11.3.1/thumb/v7e-m+fp/hard/crtbegin.o

.preinit_array  0x000000000802615c        0x0
                0x000000000802615c                . = ALIGN (0x4)
                0x000000000802615c                PROVIDE (__preinit_array_start = .)
 *(.preinit_array*)
                0x000000000802615c                PROVIDE (__preinit_array_end = .)
                0x000000000802615c                . = ALIGN (0x4)

.init_array     0x000000000802615c        0x4
                0x000000000802615c                . = ALIGN (0x4)
                0x000000000802615c                PROVIDE (__init_array_start = .)
 *(SORT_BY_NAME(.init_array.*))
 *(.init_array*)
 .init_array    0x000000000802615c        0x4 C:/ST/STM32CubeIDE_1.13.2/STM32CubeIDE/plugins/com.st.stm32cube.ide.mcu.externaltools.gnu-tools-for-stm32.11.3.rel1.win32_1.1.1.202309131626/tools/bin/../lib/gcc/arm-none-eabi/11.3.1/thumb/v7e-m+fp/hard/crtbegin.o
                0x0000000008026160                PROVIDE (__init_array_end = .)
                0x0000000008026160                . = ALIGN (0x4)

.fini_array     0x0000000008026160        0x4
                0x0000000008026160                . = ALIGN (0x4)
                [!provide]                        PROVIDE (__fini_array_start = .)
 *(SORT_BY_NAME(.fini_array.*))
 *(.fini_array*)
 .fini_array    0x0000000008026160        0x4 C:/ST/STM32CubeIDE_1.13.2/STM32CubeIDE/plugins/com.st.stm32cube.ide.mcu.externaltools.gnu-tools-for-stm32.11.3.rel1.win32_1.1.1.202309131626/tools/bin/../lib/gcc/arm-none-eabi/11.3.1/thumb/v7e-m+fp/hard/crtbegin.o
                [!provide]                        PROVIDE (__fini_array_end = .)
                0x0000000008026164                . = ALIGN (0x4)
                0x0000000008026164                _sidata = LOADADDR (.data)

.data           0x0000000020000000       0x18 load address 0x0000000008026164
                0x0000000020000000                . = ALIGN (0x4)
                0x0000000020000000                _sdata = .
 *(.data)
 *(.data*)
 .data.SystemCoreClock
                0x0000000020000000        0x4 ./Core/Src/system_stm32f4xx.o
                0x0000000020000000                SystemCoreClock
 .data.s_WinHeight
                0x0000000020000004        0x2 ./Core/bsp/Src/LCD_RA8875.o
 .data.s_WinWidth
                0x0000000020000006        0x2 ./Core/bsp/Src/LCD_RA8875.o
 .data.g_ChipID
                0x0000000020000008        0x2 ./Core/bsp/Src/bsp_tft_lcd.o
                0x0000000020000008                g_ChipID
 .data.g_LcdHeight
                0x000000002000000a        0x2 ./Core/bsp/Src/bsp_tft_lcd.o
                0x000000002000000a                g_LcdHeight
 .data.g_LcdWidth
                0x000000002000000c        0x2 ./Core/bsp/Src/bsp_tft_lcd.o
                0x000000002000000c                g_LcdWidth
 *fill*         0x000000002000000e        0x2 
 .data.uwTickPrio
                0x0000000020000010        0x4 ./Drivers/STM32F4xx_HAL_Driver/Src/stm32f4xx_hal.o
                0x0000000020000010                uwTickPrio
 .data.uwTickFreq
                0x0000000020000014        0x1 ./Drivers/STM32F4xx_HAL_Driver/Src/stm32f4xx_hal.o
                0x0000000020000014                uwTickFreq
 *(.RamFunc)
 *(.RamFunc*)
                0x0000000020000018                . = ALIGN (0x4)
 *fill*         0x0000000020000015        0x3 
                0x0000000020000018                _edata = .
                0x000000000802617c                _siccmram = LOADADDR (.ccmram)

.igot.plt       0x0000000020000018        0x0 load address 0x000000000802617c
 .igot.plt      0x0000000020000018        0x0 C:/ST/STM32CubeIDE_1.13.2/STM32CubeIDE/plugins/com.st.stm32cube.ide.mcu.externaltools.gnu-tools-for-stm32.11.3.rel1.win32_1.1.1.202309131626/tools/bin/../lib/gcc/arm-none-eabi/11.3.1/thumb/v7e-m+fp/hard/crtbegin.o

.ccmram         0x0000000010000000        0x0 load address 0x000000000802617c
                0x0000000010000000                . = ALIGN (0x4)
                0x0000000010000000                _sccmram = .
 *(.ccmram)
 *(.ccmram*)
                0x0000000010000000                . = ALIGN (0x4)
                0x0000000010000000                _eccmram = .
                0x0000000010000000                . = ALIGN (0x4)

.bss            0x0000000020000018     0x22f4
                0x0000000020000018                _sbss = .
                0x0000000020000018                __bss_start__ = _sbss
 *(.bss)
 .bss           0x0000000020000018       0x1c C:/ST/STM32CubeIDE_1.13.2/STM32CubeIDE/plugins/com.st.stm32cube.ide.mcu.externaltools.gnu-tools-for-stm32.11.3.rel1.win32_1.1.1.202309131626/tools/bin/../lib/gcc/arm-none-eabi/11.3.1/thumb/v7e-m+fp/hard/crtbegin.o
 *(.bss*)
 .bss.s_ColorIndex
                0x0000000020000034        0x2 ./Core/Src/main_menu.o
 *fill*         0x0000000020000036        0x2 
 .bss.g_tParam  0x0000000020000038       0x38 ./Core/Src/param.o
                0x0000000020000038                g_tParam
 .bss.s_ucRA8875Busy
                0x0000000020000070        0x1 ./Core/bsp/Src/LCD_RA8875.o
 *fill*         0x0000000020000071        0x1 
 .bss.s_WinX    0x0000000020000072        0x2 ./Core/bsp/Src/LCD_RA8875.o
 .bss.s_WinY    0x0000000020000074        0x2 ./Core/bsp/Src/LCD_RA8875.o
 *fill*         0x0000000020000076        0x2 
 .bss.s_tBtn    0x0000000020000078       0xa0 ./Core/bsp/Src/bsp_key.o
 .bss.s_tKey    0x0000000020000118        0xd ./Core/bsp/Src/bsp_key.o
 .bss.s_ucBright
                0x0000000020000125        0x1 ./Core/bsp/Src/bsp_tft_lcd.o
                0x0000000020000125                s_ucBright
 *fill*         0x0000000020000126        0x2 
 .bss.s_tTmr    0x0000000020000128       0x30 ./Core/bsp/Src/bsp_timer.o
 .bss.g_tTP     0x0000000020000158       0x80 ./Core/bsp/Src/bsp_touch.o
                0x0000000020000158                g_tTP
 .bss.g_tUart1  0x00000000200001d8       0x28 ./Core/bsp/Src/bsp_uart_fifo.o
 .bss.g_TxBuf1  0x0000000020000200      0x400 ./Core/bsp/Src/bsp_uart_fifo.o
 .bss.g_RxBuf1  0x0000000020000600      0x400 ./Core/bsp/Src/bsp_uart_fifo.o
 .bss.g_tUart2  0x0000000020000a00       0x28 ./Core/bsp/Src/bsp_uart_fifo.o
 .bss.g_TxBuf2  0x0000000020000a28        0x1 ./Core/bsp/Src/bsp_uart_fifo.o
 *fill*         0x0000000020000a29        0x3 
 .bss.g_RxBuf2  0x0000000020000a2c      0x800 ./Core/bsp/Src/bsp_uart_fifo.o
 .bss.g_tUart3  0x000000002000122c       0x28 ./Core/bsp/Src/bsp_uart_fifo.o
 .bss.g_TxBuf3  0x0000000020001254      0x400 ./Core/bsp/Src/bsp_uart_fifo.o
 .bss.g_RxBuf3  0x0000000020001654      0x400 ./Core/bsp/Src/bsp_uart_fifo.o
 .bss.g_tUart6  0x0000000020001a54       0x28 ./Core/bsp/Src/bsp_uart_fifo.o
 .bss.g_TxBuf6  0x0000000020001a7c      0x400 ./Core/bsp/Src/bsp_uart_fifo.o
 .bss.g_RxBuf6  0x0000000020001e7c      0x400 ./Core/bsp/Src/bsp_uart_fifo.o
 .bss.USART_InitStructure1
                0x000000002000227c       0x44 ./Core/bsp/Src/bsp_uart_fifo.o
                0x000000002000227c                USART_InitStructure1
 .bss.USART_InitStructure2
                0x00000000200022c0       0x44 ./Core/bsp/Src/bsp_uart_fifo.o
                0x00000000200022c0                USART_InitStructure2
 .bss.s_file_no.0
                0x0000000020002304        0x2 ./Core/bsp/bsp.o
 *fill*         0x0000000020002306        0x2 
 .bss.uwTick    0x0000000020002308        0x4 ./Drivers/STM32F4xx_HAL_Driver/Src/stm32f4xx_hal.o
                0x0000000020002308                uwTick
 *(COMMON)
                0x000000002000230c                . = ALIGN (0x4)
                0x000000002000230c                _ebss = .
                0x000000002000230c                __bss_end__ = _ebss

._user_heap_stack
                0x000000002000230c      0x604
                0x0000000020002310                . = ALIGN (0x8)
 *fill*         0x000000002000230c        0x4 
                [!provide]                        PROVIDE (end = .)
                0x0000000020002310                PROVIDE (_end = .)
                0x0000000020002510                . = (. + _Min_Heap_Size)
 *fill*         0x0000000020002310      0x200 
                0x0000000020002910                . = (. + _Min_Stack_Size)
 *fill*         0x0000000020002510      0x400 
                0x0000000020002910                . = ALIGN (0x8)

/DISCARD/
 libc.a(*)
 libm.a(*)
 libgcc.a(*)

.ARM.attributes
                0x0000000000000000       0x30
 *(.ARM.attributes)
 .ARM.attributes
                0x0000000000000000       0x1e C:/ST/STM32CubeIDE_1.13.2/STM32CubeIDE/plugins/com.st.stm32cube.ide.mcu.externaltools.gnu-tools-for-stm32.11.3.rel1.win32_1.1.1.202309131626/tools/bin/../lib/gcc/arm-none-eabi/11.3.1/thumb/v7e-m+fp/hard/crti.o
 .ARM.attributes
                0x000000000000001e       0x34 C:/ST/STM32CubeIDE_1.13.2/STM32CubeIDE/plugins/com.st.stm32cube.ide.mcu.externaltools.gnu-tools-for-stm32.11.3.rel1.win32_1.1.1.202309131626/tools/bin/../lib/gcc/arm-none-eabi/11.3.1/thumb/v7e-m+fp/hard/crtbegin.o
 .ARM.attributes
                0x0000000000000052       0x34 ./Core/Fonts/asc12.o
 .ARM.attributes
                0x0000000000000086       0x34 ./Core/Fonts/asc16.o
 .ARM.attributes
                0x00000000000000ba       0x34 ./Core/Image/ADC.o
 .ARM.attributes
                0x00000000000000ee       0x34 ./Core/Image/Camera.o
 .ARM.attributes
                0x0000000000000122       0x34 ./Core/Image/ChiLun.o
 .ARM.attributes
                0x0000000000000156       0x34 ./Core/Image/GPS.o
 .ARM.attributes
                0x000000000000018a       0x34 ./Core/Image/LCD.o
 .ARM.attributes
                0x00000000000001be       0x34 ./Core/Image/MP3.o
 .ARM.attributes
                0x00000000000001f2       0x34 ./Core/Image/Phone.o
 .ARM.attributes
                0x0000000000000226       0x34 ./Core/Image/Recorder.o
 .ARM.attributes
                0x000000000000025a       0x34 ./Core/Image/USBDisk.o
 .ARM.attributes
                0x000000000000028e       0x34 ./Core/Image/Wireless.o
 .ARM.attributes
                0x00000000000002c2       0x34 ./Core/Image/chujiao.o
 .ARM.attributes
                0x00000000000002f6       0x34 ./Core/Image/hwinfo.o
 .ARM.attributes
                0x000000000000032a       0x34 ./Core/Image/radio.o
 .ARM.attributes
                0x000000000000035e       0x34 ./Core/Image/web.o
 .ARM.attributes
                0x0000000000000392       0x34 ./Core/Src/bmp_file.o
 .ARM.attributes
                0x00000000000003c6       0x34 ./Core/Src/hart_test.o
 .ARM.attributes
                0x00000000000003fa       0x34 ./Core/Src/main.o
 .ARM.attributes
                0x000000000000042e       0x34 ./Core/Src/main_menu.o
 .ARM.attributes
                0x0000000000000462       0x34 ./Core/Src/param.o
 .ARM.attributes
                0x0000000000000496       0x34 ./Core/Src/stm32f4xx_hal_msp.o
 .ARM.attributes
                0x00000000000004ca       0x34 ./Core/Src/stm32f4xx_hal_sram.o
 .ARM.attributes
                0x00000000000004fe       0x34 ./Core/Src/stm32f4xx_hal_uart.o
 .ARM.attributes
                0x0000000000000532       0x34 ./Core/Src/stm32f4xx_it.o
 .ARM.attributes
                0x0000000000000566       0x34 ./Core/Src/stm32f4xx_ll_fsmc.o
 .ARM.attributes
                0x000000000000059a       0x34 ./Core/Src/system_stm32f4xx.o
 .ARM.attributes
                0x00000000000005ce       0x21 ./Core/Startup/startup_stm32f407igtx.o
 .ARM.attributes
                0x00000000000005ef       0x34 ./Core/bsp/Src/LCD_RA8875.o
 .ARM.attributes
                0x0000000000000623       0x34 ./Core/bsp/Src/LCD_SPFD5420.o
 .ARM.attributes
                0x0000000000000657       0x34 ./Core/bsp/Src/bsp_eeprom_24xx.o
 .ARM.attributes
                0x000000000000068b       0x34 ./Core/bsp/Src/bsp_fsmc_sram.o
 .ARM.attributes
                0x00000000000006bf       0x34 ./Core/bsp/Src/bsp_i2c_gpio.o
 .ARM.attributes
                0x00000000000006f3       0x34 ./Core/bsp/Src/bsp_key.o
 .ARM.attributes
                0x0000000000000727       0x34 ./Core/bsp/Src/bsp_led.o
 .ARM.attributes
                0x000000000000075b       0x34 ./Core/bsp/Src/bsp_ra8875_port.o
 .ARM.attributes
                0x000000000000078f       0x34 ./Core/bsp/Src/bsp_tft_lcd.o
 .ARM.attributes
                0x00000000000007c3       0x34 ./Core/bsp/Src/bsp_timer.o
 .ARM.attributes
                0x00000000000007f7       0x34 ./Core/bsp/Src/bsp_touch.o
 .ARM.attributes
                0x000000000000082b       0x34 ./Core/bsp/Src/bsp_uart_fifo.o
 .ARM.attributes
                0x000000000000085f       0x34 ./Core/bsp/bsp.o
 .ARM.attributes
                0x0000000000000893       0x34 ./Drivers/STM32F4xx_HAL_Driver/Src/stm32f4xx_hal.o
 .ARM.attributes
                0x00000000000008c7       0x34 ./Drivers/STM32F4xx_HAL_Driver/Src/stm32f4xx_hal_cortex.o
 .ARM.attributes
                0x00000000000008fb       0x34 ./Drivers/STM32F4xx_HAL_Driver/Src/stm32f4xx_hal_gpio.o
 .ARM.attributes
                0x000000000000092f       0x34 ./Drivers/STM32F4xx_HAL_Driver/Src/stm32f4xx_hal_rcc.o
 .ARM.attributes
                0x0000000000000963       0x34 C:/ST/STM32CubeIDE_1.13.2/STM32CubeIDE/plugins/com.st.stm32cube.ide.mcu.externaltools.gnu-tools-for-stm32.11.3.rel1.win32_1.1.1.202309131626/tools/bin/../lib/gcc/arm-none-eabi/11.3.1/../../../../arm-none-eabi/lib/thumb/v7e-m+fp/hard\libc_nano.a(libc_a-memset.o)
 .ARM.attributes
                0x0000000000000997       0x34 C:/ST/STM32CubeIDE_1.13.2/STM32CubeIDE/plugins/com.st.stm32cube.ide.mcu.externaltools.gnu-tools-for-stm32.11.3.rel1.win32_1.1.1.202309131626/tools/bin/../lib/gcc/arm-none-eabi/11.3.1/../../../../arm-none-eabi/lib/thumb/v7e-m+fp/hard\libc_nano.a(libc_a-init.o)
 .ARM.attributes
                0x00000000000009cb       0x34 C:/ST/STM32CubeIDE_1.13.2/STM32CubeIDE/plugins/com.st.stm32cube.ide.mcu.externaltools.gnu-tools-for-stm32.11.3.rel1.win32_1.1.1.202309131626/tools/bin/../lib/gcc/arm-none-eabi/11.3.1/../../../../arm-none-eabi/lib/thumb/v7e-m+fp/hard\libc_nano.a(libc_a-memcpy-stub.o)
 .ARM.attributes
                0x00000000000009ff       0x17 C:/ST/STM32CubeIDE_1.13.2/STM32CubeIDE/plugins/com.st.stm32cube.ide.mcu.externaltools.gnu-tools-for-stm32.11.3.rel1.win32_1.1.1.202309131626/tools/bin/../lib/gcc/arm-none-eabi/11.3.1/../../../../arm-none-eabi/lib/thumb/v7e-m+fp/hard\libc_nano.a(libc_a-strlen.o)
 .ARM.attributes
                0x0000000000000a16       0x1e C:/ST/STM32CubeIDE_1.13.2/STM32CubeIDE/plugins/com.st.stm32cube.ide.mcu.externaltools.gnu-tools-for-stm32.11.3.rel1.win32_1.1.1.202309131626/tools/bin/../lib/gcc/arm-none-eabi/11.3.1/thumb/v7e-m+fp/hard\libgcc.a(_aeabi_uldivmod.o)
 .ARM.attributes
                0x0000000000000a34       0x34 C:/ST/STM32CubeIDE_1.13.2/STM32CubeIDE/plugins/com.st.stm32cube.ide.mcu.externaltools.gnu-tools-for-stm32.11.3.rel1.win32_1.1.1.202309131626/tools/bin/../lib/gcc/arm-none-eabi/11.3.1/thumb/v7e-m+fp/hard\libgcc.a(_udivmoddi4.o)
 .ARM.attributes
                0x0000000000000a68       0x1e C:/ST/STM32CubeIDE_1.13.2/STM32CubeIDE/plugins/com.st.stm32cube.ide.mcu.externaltools.gnu-tools-for-stm32.11.3.rel1.win32_1.1.1.202309131626/tools/bin/../lib/gcc/arm-none-eabi/11.3.1/thumb/v7e-m+fp/hard\libgcc.a(_dvmd_tls.o)
 .ARM.attributes
                0x0000000000000a86       0x1e C:/ST/STM32CubeIDE_1.13.2/STM32CubeIDE/plugins/com.st.stm32cube.ide.mcu.externaltools.gnu-tools-for-stm32.11.3.rel1.win32_1.1.1.202309131626/tools/bin/../lib/gcc/arm-none-eabi/11.3.1/thumb/v7e-m+fp/hard/crtn.o
OUTPUT(M4_test.elf elf32-littlearm)
LOAD linker stubs
LOAD C:/ST/STM32CubeIDE_1.13.2/STM32CubeIDE/plugins/com.st.stm32cube.ide.mcu.externaltools.gnu-tools-for-stm32.11.3.rel1.win32_1.1.1.202309131626/tools/bin/../lib/gcc/arm-none-eabi/11.3.1/../../../../arm-none-eabi/lib/thumb/v7e-m+fp/hard\libc.a
LOAD C:/ST/STM32CubeIDE_1.13.2/STM32CubeIDE/plugins/com.st.stm32cube.ide.mcu.externaltools.gnu-tools-for-stm32.11.3.rel1.win32_1.1.1.202309131626/tools/bin/../lib/gcc/arm-none-eabi/11.3.1/../../../../arm-none-eabi/lib/thumb/v7e-m+fp/hard\libm.a
LOAD C:/ST/STM32CubeIDE_1.13.2/STM32CubeIDE/plugins/com.st.stm32cube.ide.mcu.externaltools.gnu-tools-for-stm32.11.3.rel1.win32_1.1.1.202309131626/tools/bin/../lib/gcc/arm-none-eabi/11.3.1/thumb/v7e-m+fp/hard\libgcc.a

.comment        0x0000000000000000       0x43
 .comment       0x0000000000000000       0x43 C:/ST/STM32CubeIDE_1.13.2/STM32CubeIDE/plugins/com.st.stm32cube.ide.mcu.externaltools.gnu-tools-for-stm32.11.3.rel1.win32_1.1.1.202309131626/tools/bin/../lib/gcc/arm-none-eabi/11.3.1/thumb/v7e-m+fp/hard/crtbegin.o
                                         0x44 (size before relaxing)
 .comment       0x0000000000000043       0x44 ./Core/Fonts/asc12.o
 .comment       0x0000000000000043       0x44 ./Core/Fonts/asc16.o
 .comment       0x0000000000000043       0x44 ./Core/Image/ADC.o
 .comment       0x0000000000000043       0x44 ./Core/Image/Camera.o
 .comment       0x0000000000000043       0x44 ./Core/Image/ChiLun.o
 .comment       0x0000000000000043       0x44 ./Core/Image/GPS.o
 .comment       0x0000000000000043       0x44 ./Core/Image/LCD.o
 .comment       0x0000000000000043       0x44 ./Core/Image/MP3.o
 .comment       0x0000000000000043       0x44 ./Core/Image/Phone.o
 .comment       0x0000000000000043       0x44 ./Core/Image/Recorder.o
 .comment       0x0000000000000043       0x44 ./Core/Image/USBDisk.o
 .comment       0x0000000000000043       0x44 ./Core/Image/Wireless.o
 .comment       0x0000000000000043       0x44 ./Core/Image/chujiao.o
 .comment       0x0000000000000043       0x44 ./Core/Image/hwinfo.o
 .comment       0x0000000000000043       0x44 ./Core/Image/radio.o
 .comment       0x0000000000000043       0x44 ./Core/Image/web.o
 .comment       0x0000000000000043       0x44 ./Core/Src/bmp_file.o
 .comment       0x0000000000000043       0x44 ./Core/Src/hart_test.o
 .comment       0x0000000000000043       0x44 ./Core/Src/main.o
 .comment       0x0000000000000043       0x44 ./Core/Src/main_menu.o
 .comment       0x0000000000000043       0x44 ./Core/Src/param.o
 .comment       0x0000000000000043       0x44 ./Core/Src/stm32f4xx_hal_msp.o
 .comment       0x0000000000000043       0x44 ./Core/Src/stm32f4xx_hal_sram.o
 .comment       0x0000000000000043       0x44 ./Core/Src/stm32f4xx_hal_uart.o
 .comment       0x0000000000000043       0x44 ./Core/Src/stm32f4xx_it.o
 .comment       0x0000000000000043       0x44 ./Core/Src/stm32f4xx_ll_fsmc.o
 .comment       0x0000000000000043       0x44 ./Core/Src/system_stm32f4xx.o
 .comment       0x0000000000000043       0x44 ./Core/bsp/Src/LCD_RA8875.o
 .comment       0x0000000000000043       0x44 ./Core/bsp/Src/LCD_SPFD5420.o
 .comment       0x0000000000000043       0x44 ./Core/bsp/Src/bsp_eeprom_24xx.o
 .comment       0x0000000000000043       0x44 ./Core/bsp/Src/bsp_fsmc_sram.o
 .comment       0x0000000000000043       0x44 ./Core/bsp/Src/bsp_i2c_gpio.o
 .comment       0x0000000000000043       0x44 ./Core/bsp/Src/bsp_key.o
 .comment       0x0000000000000043       0x44 ./Core/bsp/Src/bsp_led.o
 .comment       0x0000000000000043       0x44 ./Core/bsp/Src/bsp_ra8875_port.o
 .comment       0x0000000000000043       0x44 ./Core/bsp/Src/bsp_tft_lcd.o
 .comment       0x0000000000000043       0x44 ./Core/bsp/Src/bsp_timer.o
 .comment       0x0000000000000043       0x44 ./Core/bsp/Src/bsp_touch.o
 .comment       0x0000000000000043       0x44 ./Core/bsp/Src/bsp_uart_fifo.o
 .comment       0x0000000000000043       0x44 ./Core/bsp/bsp.o
 .comment       0x0000000000000043       0x44 ./Drivers/STM32F4xx_HAL_Driver/Src/stm32f4xx_hal.o
 .comment       0x0000000000000043       0x44 ./Drivers/STM32F4xx_HAL_Driver/Src/stm32f4xx_hal_cortex.o
 .comment       0x0000000000000043       0x44 ./Drivers/STM32F4xx_HAL_Driver/Src/stm32f4xx_hal_gpio.o
 .comment       0x0000000000000043       0x44 ./Drivers/STM32F4xx_HAL_Driver/Src/stm32f4xx_hal_rcc.o

.debug_info     0x0000000000000000     0xf06b
 .debug_info    0x0000000000000000       0x5e ./Core/Fonts/asc12.o
 .debug_info    0x000000000000005e       0x5e ./Core/Fonts/asc16.o
 .debug_info    0x00000000000000bc       0x5e ./Core/Image/ADC.o
 .debug_info    0x000000000000011a       0x5e ./Core/Image/Camera.o
 .debug_info    0x0000000000000178       0x5e ./Core/Image/ChiLun.o
 .debug_info    0x00000000000001d6       0x5e ./Core/Image/GPS.o
 .debug_info    0x0000000000000234       0x5e ./Core/Image/LCD.o
 .debug_info    0x0000000000000292       0x5e ./Core/Image/MP3.o
 .debug_info    0x00000000000002f0       0x5e ./Core/Image/Phone.o
 .debug_info    0x000000000000034e       0x5e ./Core/Image/Recorder.o
 .debug_info    0x00000000000003ac       0x5e ./Core/Image/USBDisk.o
 .debug_info    0x000000000000040a       0x5e ./Core/Image/Wireless.o
 .debug_info    0x0000000000000468       0x5e ./Core/Image/chujiao.o
 .debug_info    0x00000000000004c6       0x5e ./Core/Image/hwinfo.o
 .debug_info    0x0000000000000524       0x5e ./Core/Image/radio.o
 .debug_info    0x0000000000000582       0x5e ./Core/Image/web.o
 .debug_info    0x00000000000005e0      0x5a2 ./Core/Src/bmp_file.o
 .debug_info    0x0000000000000b82      0x326 ./Core/Src/hart_test.o
 .debug_info    0x0000000000000ea8      0x959 ./Core/Src/main.o
 .debug_info    0x0000000000001801      0x8e5 ./Core/Src/main_menu.o
 .debug_info    0x00000000000020e6      0x322 ./Core/Src/param.o
 .debug_info    0x0000000000002408      0x269 ./Core/Src/stm32f4xx_hal_msp.o
 .debug_info    0x0000000000002671      0xd2f ./Core/Src/stm32f4xx_hal_sram.o
 .debug_info    0x00000000000033a0     0x2fb8 ./Core/Src/stm32f4xx_hal_uart.o
 .debug_info    0x0000000000006358      0x112 ./Core/Src/stm32f4xx_it.o
 .debug_info    0x000000000000646a      0x98a ./Core/Src/stm32f4xx_ll_fsmc.o
 .debug_info    0x0000000000006df4      0x512 ./Core/Src/system_stm32f4xx.o
 .debug_info    0x0000000000007306       0x23 ./Core/Startup/startup_stm32f407igtx.o
 .debug_info    0x0000000000007329      0x643 ./Core/bsp/Src/LCD_RA8875.o
 .debug_info    0x000000000000796c      0x1c8 ./Core/bsp/Src/LCD_SPFD5420.o
 .debug_info    0x0000000000007b34      0x1c0 ./Core/bsp/Src/bsp_eeprom_24xx.o
 .debug_info    0x0000000000007cf4      0x9b6 ./Core/bsp/Src/bsp_fsmc_sram.o
 .debug_info    0x00000000000086aa      0x4d5 ./Core/bsp/Src/bsp_i2c_gpio.o
 .debug_info    0x0000000000008b7f      0x80a ./Core/bsp/Src/bsp_key.o
 .debug_info    0x0000000000009389      0x48a ./Core/bsp/Src/bsp_led.o
 .debug_info    0x0000000000009813      0x199 ./Core/bsp/Src/bsp_ra8875_port.o
 .debug_info    0x00000000000099ac     0x1138 ./Core/bsp/Src/bsp_tft_lcd.o
 .debug_info    0x000000000000aae4      0x84d ./Core/bsp/Src/bsp_timer.o
 .debug_info    0x000000000000b331      0x55a ./Core/bsp/Src/bsp_touch.o
 .debug_info    0x000000000000b88b      0xfaf ./Core/bsp/Src/bsp_uart_fifo.o
 .debug_info    0x000000000000c83a      0x22f ./Core/bsp/bsp.o
 .debug_info    0x000000000000ca69      0x948 ./Drivers/STM32F4xx_HAL_Driver/Src/stm32f4xx_hal.o
 .debug_info    0x000000000000d3b1      0xd46 ./Drivers/STM32F4xx_HAL_Driver/Src/stm32f4xx_hal_cortex.o
 .debug_info    0x000000000000e0f7      0x6c3 ./Drivers/STM32F4xx_HAL_Driver/Src/stm32f4xx_hal_gpio.o
 .debug_info    0x000000000000e7ba      0x8b1 ./Drivers/STM32F4xx_HAL_Driver/Src/stm32f4xx_hal_rcc.o

.debug_abbrev   0x0000000000000000     0x35c3
 .debug_abbrev  0x0000000000000000       0x49 ./Core/Fonts/asc12.o
 .debug_abbrev  0x0000000000000049       0x49 ./Core/Fonts/asc16.o
 .debug_abbrev  0x0000000000000092       0x49 ./Core/Image/ADC.o
 .debug_abbrev  0x00000000000000db       0x49 ./Core/Image/Camera.o
 .debug_abbrev  0x0000000000000124       0x49 ./Core/Image/ChiLun.o
 .debug_abbrev  0x000000000000016d       0x49 ./Core/Image/GPS.o
 .debug_abbrev  0x00000000000001b6       0x49 ./Core/Image/LCD.o
 .debug_abbrev  0x00000000000001ff       0x49 ./Core/Image/MP3.o
 .debug_abbrev  0x0000000000000248       0x49 ./Core/Image/Phone.o
 .debug_abbrev  0x0000000000000291       0x49 ./Core/Image/Recorder.o
 .debug_abbrev  0x00000000000002da       0x49 ./Core/Image/USBDisk.o
 .debug_abbrev  0x0000000000000323       0x49 ./Core/Image/Wireless.o
 .debug_abbrev  0x000000000000036c       0x49 ./Core/Image/chujiao.o
 .debug_abbrev  0x00000000000003b5       0x49 ./Core/Image/hwinfo.o
 .debug_abbrev  0x00000000000003fe       0x49 ./Core/Image/radio.o
 .debug_abbrev  0x0000000000000447       0x49 ./Core/Image/web.o
 .debug_abbrev  0x0000000000000490      0x18a ./Core/Src/bmp_file.o
 .debug_abbrev  0x000000000000061a      0x131 ./Core/Src/hart_test.o
 .debug_abbrev  0x000000000000074b      0x279 ./Core/Src/main.o
 .debug_abbrev  0x00000000000009c4      0x1b7 ./Core/Src/main_menu.o
 .debug_abbrev  0x0000000000000b7b       0xf9 ./Core/Src/param.o
 .debug_abbrev  0x0000000000000c74       0xd8 ./Core/Src/stm32f4xx_hal_msp.o
 .debug_abbrev  0x0000000000000d4c      0x205 ./Core/Src/stm32f4xx_hal_sram.o
 .debug_abbrev  0x0000000000000f51      0x30e ./Core/Src/stm32f4xx_hal_uart.o
 .debug_abbrev  0x000000000000125f       0x73 ./Core/Src/stm32f4xx_it.o
 .debug_abbrev  0x00000000000012d2      0x1a3 ./Core/Src/stm32f4xx_ll_fsmc.o
 .debug_abbrev  0x0000000000001475      0x11a ./Core/Src/system_stm32f4xx.o
 .debug_abbrev  0x000000000000158f       0x12 ./Core/Startup/startup_stm32f407igtx.o
 .debug_abbrev  0x00000000000015a1      0x25c ./Core/bsp/Src/LCD_RA8875.o
 .debug_abbrev  0x00000000000017fd       0xbf ./Core/bsp/Src/LCD_SPFD5420.o
 .debug_abbrev  0x00000000000018bc      0x10a ./Core/bsp/Src/bsp_eeprom_24xx.o
 .debug_abbrev  0x00000000000019c6      0x187 ./Core/bsp/Src/bsp_fsmc_sram.o
 .debug_abbrev  0x0000000000001b4d      0x1d9 ./Core/bsp/Src/bsp_i2c_gpio.o
 .debug_abbrev  0x0000000000001d26      0x22a ./Core/bsp/Src/bsp_key.o
 .debug_abbrev  0x0000000000001f50      0x181 ./Core/bsp/Src/bsp_led.o
 .debug_abbrev  0x00000000000020d1       0xc7 ./Core/bsp/Src/bsp_ra8875_port.o
 .debug_abbrev  0x0000000000002198      0x331 ./Core/bsp/Src/bsp_tft_lcd.o
 .debug_abbrev  0x00000000000024c9      0x24b ./Core/bsp/Src/bsp_timer.o
 .debug_abbrev  0x0000000000002714      0x16b ./Core/bsp/Src/bsp_touch.o
 .debug_abbrev  0x000000000000287f      0x296 ./Core/bsp/Src/bsp_uart_fifo.o
 .debug_abbrev  0x0000000000002b15       0xea ./Core/bsp/bsp.o
 .debug_abbrev  0x0000000000002bff      0x213 ./Drivers/STM32F4xx_HAL_Driver/Src/stm32f4xx_hal.o
 .debug_abbrev  0x0000000000002e12      0x327 ./Drivers/STM32F4xx_HAL_Driver/Src/stm32f4xx_hal_cortex.o
 .debug_abbrev  0x0000000000003139      0x1d4 ./Drivers/STM32F4xx_HAL_Driver/Src/stm32f4xx_hal_gpio.o
 .debug_abbrev  0x000000000000330d      0x2b6 ./Drivers/STM32F4xx_HAL_Driver/Src/stm32f4xx_hal_rcc.o

.debug_aranges  0x0000000000000000      0xd88
 .debug_aranges
                0x0000000000000000       0x18 ./Core/Fonts/asc12.o
 .debug_aranges
                0x0000000000000018       0x18 ./Core/Fonts/asc16.o
 .debug_aranges
                0x0000000000000030       0x18 ./Core/Image/ADC.o
 .debug_aranges
                0x0000000000000048       0x18 ./Core/Image/Camera.o
 .debug_aranges
                0x0000000000000060       0x18 ./Core/Image/ChiLun.o
 .debug_aranges
                0x0000000000000078       0x18 ./Core/Image/GPS.o
 .debug_aranges
                0x0000000000000090       0x18 ./Core/Image/LCD.o
 .debug_aranges
                0x00000000000000a8       0x18 ./Core/Image/MP3.o
 .debug_aranges
                0x00000000000000c0       0x18 ./Core/Image/Phone.o
 .debug_aranges
                0x00000000000000d8       0x18 ./Core/Image/Recorder.o
 .debug_aranges
                0x00000000000000f0       0x18 ./Core/Image/USBDisk.o
 .debug_aranges
                0x0000000000000108       0x18 ./Core/Image/Wireless.o
 .debug_aranges
                0x0000000000000120       0x18 ./Core/Image/chujiao.o
 .debug_aranges
                0x0000000000000138       0x18 ./Core/Image/hwinfo.o
 .debug_aranges
                0x0000000000000150       0x18 ./Core/Image/radio.o
 .debug_aranges
                0x0000000000000168       0x18 ./Core/Image/web.o
 .debug_aranges
                0x0000000000000180       0x28 ./Core/Src/bmp_file.o
 .debug_aranges
                0x00000000000001a8       0x20 ./Core/Src/hart_test.o
 .debug_aranges
                0x00000000000001c8       0x48 ./Core/Src/main.o
 .debug_aranges
                0x0000000000000210       0x28 ./Core/Src/main_menu.o
 .debug_aranges
                0x0000000000000238       0x28 ./Core/Src/param.o
 .debug_aranges
                0x0000000000000260       0x20 ./Core/Src/stm32f4xx_hal_msp.o
 .debug_aranges
                0x0000000000000280       0xb8 ./Core/Src/stm32f4xx_hal_sram.o
 .debug_aranges
                0x0000000000000338      0x200 ./Core/Src/stm32f4xx_hal_uart.o
 .debug_aranges
                0x0000000000000538       0x60 ./Core/Src/stm32f4xx_it.o
 .debug_aranges
                0x0000000000000598       0xa8 ./Core/Src/stm32f4xx_ll_fsmc.o
 .debug_aranges
                0x0000000000000640       0x28 ./Core/Src/system_stm32f4xx.o
 .debug_aranges
                0x0000000000000668       0x28 ./Core/Startup/startup_stm32f407igtx.o
 .debug_aranges
                0x0000000000000690       0xc0 ./Core/bsp/Src/LCD_RA8875.o
 .debug_aranges
                0x0000000000000750       0x28 ./Core/bsp/Src/LCD_SPFD5420.o
 .debug_aranges
                0x0000000000000778       0x28 ./Core/bsp/Src/bsp_eeprom_24xx.o
 .debug_aranges
                0x00000000000007a0       0x20 ./Core/bsp/Src/bsp_fsmc_sram.o
 .debug_aranges
                0x00000000000007c0       0x60 ./Core/bsp/Src/bsp_i2c_gpio.o
 .debug_aranges
                0x0000000000000820       0x90 ./Core/bsp/Src/bsp_key.o
 .debug_aranges
                0x00000000000008b0       0x30 ./Core/bsp/Src/bsp_led.o
 .debug_aranges
                0x00000000000008e0       0x48 ./Core/bsp/Src/bsp_ra8875_port.o
 .debug_aranges
                0x0000000000000928       0x80 ./Core/bsp/Src/bsp_tft_lcd.o
 .debug_aranges
                0x00000000000009a8       0x38 ./Core/bsp/Src/bsp_timer.o
 .debug_aranges
                0x00000000000009e0       0x38 ./Core/bsp/Src/bsp_touch.o
 .debug_aranges
                0x0000000000000a18       0x60 ./Core/bsp/Src/bsp_uart_fifo.o
 .debug_aranges
                0x0000000000000a78       0x28 ./Core/bsp/bsp.o
 .debug_aranges
                0x0000000000000aa0       0xf0 ./Drivers/STM32F4xx_HAL_Driver/Src/stm32f4xx_hal.o
 .debug_aranges
                0x0000000000000b90      0x118 ./Drivers/STM32F4xx_HAL_Driver/Src/stm32f4xx_hal_cortex.o
 .debug_aranges
                0x0000000000000ca8       0x58 ./Drivers/STM32F4xx_HAL_Driver/Src/stm32f4xx_hal_gpio.o
 .debug_aranges
                0x0000000000000d00       0x88 ./Drivers/STM32F4xx_HAL_Driver/Src/stm32f4xx_hal_rcc.o

.debug_macro    0x0000000000000000     0x5925
 .debug_macro   0x0000000000000000       0x11 ./Core/Fonts/asc12.o
 .debug_macro   0x0000000000000011       0x11 ./Core/Fonts/asc16.o
 .debug_macro   0x0000000000000022       0x11 ./Core/Image/ADC.o
 .debug_macro   0x0000000000000033       0x11 ./Core/Image/Camera.o
 .debug_macro   0x0000000000000044       0x11 ./Core/Image/ChiLun.o
 .debug_macro   0x0000000000000055       0x11 ./Core/Image/GPS.o
 .debug_macro   0x0000000000000066       0x11 ./Core/Image/LCD.o
 .debug_macro   0x0000000000000077       0x11 ./Core/Image/MP3.o
 .debug_macro   0x0000000000000088       0x11 ./Core/Image/Phone.o
 .debug_macro   0x0000000000000099       0x11 ./Core/Image/Recorder.o
 .debug_macro   0x00000000000000aa       0x11 ./Core/Image/USBDisk.o
 .debug_macro   0x00000000000000bb       0x11 ./Core/Image/Wireless.o
 .debug_macro   0x00000000000000cc       0x11 ./Core/Image/chujiao.o
 .debug_macro   0x00000000000000dd       0x11 ./Core/Image/hwinfo.o
 .debug_macro   0x00000000000000ee       0x11 ./Core/Image/radio.o
 .debug_macro   0x00000000000000ff       0x11 ./Core/Image/web.o
 .debug_macro   0x0000000000000110      0x3de ./Core/Src/bmp_file.o
 .debug_macro   0x00000000000004ee      0x3ca ./Core/Src/hart_test.o
 .debug_macro   0x00000000000008b8      0x3c4 ./Core/Src/main.o
 .debug_macro   0x0000000000000c7c       0x1c ./Core/Src/main.o
 .debug_macro   0x0000000000000c98       0x22 ./Core/Src/main.o
 .debug_macro   0x0000000000000cba      0x3e7 ./Core/Src/main_menu.o
 .debug_macro   0x00000000000010a1      0x3b1 ./Core/Src/param.o
 .debug_macro   0x0000000000001452      0x211 ./Core/Src/stm32f4xx_hal_msp.o
 .debug_macro   0x0000000000001663      0x207 ./Core/Src/stm32f4xx_hal_sram.o
 .debug_macro   0x000000000000186a      0x208 ./Core/Src/stm32f4xx_hal_uart.o
 .debug_macro   0x0000000000001a72      0x21b ./Core/Src/stm32f4xx_it.o
 .debug_macro   0x0000000000001c8d      0x241 ./Core/Src/stm32f4xx_ll_fsmc.o
 .debug_macro   0x0000000000001ece      0x207 ./Core/Src/system_stm32f4xx.o
 .debug_macro   0x00000000000020d5      0x3a8 ./Core/bsp/Src/LCD_RA8875.o
 .debug_macro   0x000000000000247d      0x32a ./Core/bsp/Src/LCD_SPFD5420.o
 .debug_macro   0x00000000000027a7      0x3a8 ./Core/bsp/Src/bsp_eeprom_24xx.o
 .debug_macro   0x0000000000002b4f      0x3a8 ./Core/bsp/Src/bsp_fsmc_sram.o
 .debug_macro   0x0000000000002ef7      0x3de ./Core/bsp/Src/bsp_i2c_gpio.o
 .debug_macro   0x00000000000032d5      0x40e ./Core/bsp/Src/bsp_key.o
 .debug_macro   0x00000000000036e3      0x3de ./Core/bsp/Src/bsp_led.o
 .debug_macro   0x0000000000003ac1      0x3a8 ./Core/bsp/Src/bsp_ra8875_port.o
 .debug_macro   0x0000000000003e69      0x3b1 ./Core/bsp/Src/bsp_tft_lcd.o
 .debug_macro   0x000000000000421a      0x3a8 ./Core/bsp/Src/bsp_timer.o
 .debug_macro   0x00000000000045c2      0x36d ./Core/bsp/Src/bsp_touch.o
 .debug_macro   0x000000000000492f      0x3a8 ./Core/bsp/Src/bsp_uart_fifo.o
 .debug_macro   0x0000000000004cd7      0x3a8 ./Core/bsp/bsp.o
 .debug_macro   0x000000000000507f      0x267 ./Drivers/STM32F4xx_HAL_Driver/Src/stm32f4xx_hal.o
 .debug_macro   0x00000000000052e6      0x207 ./Drivers/STM32F4xx_HAL_Driver/Src/stm32f4xx_hal_cortex.o
 .debug_macro   0x00000000000054ed      0x20d ./Drivers/STM32F4xx_HAL_Driver/Src/stm32f4xx_hal_gpio.o
 .debug_macro   0x00000000000056fa      0x22b ./Drivers/STM32F4xx_HAL_Driver/Src/stm32f4xx_hal_rcc.o

.debug_line     0x0000000000000000    0x15d64
 .debug_line    0x0000000000000000       0x36 ./Core/Fonts/asc12.o
 .debug_line    0x0000000000000036       0x36 ./Core/Fonts/asc16.o
 .debug_line    0x000000000000006c       0x34 ./Core/Image/ADC.o
 .debug_line    0x00000000000000a0       0x37 ./Core/Image/Camera.o
 .debug_line    0x00000000000000d7       0x37 ./Core/Image/ChiLun.o
 .debug_line    0x000000000000010e       0x34 ./Core/Image/GPS.o
 .debug_line    0x0000000000000142       0x34 ./Core/Image/LCD.o
 .debug_line    0x0000000000000176       0x34 ./Core/Image/MP3.o
 .debug_line    0x00000000000001aa       0x36 ./Core/Image/Phone.o
 .debug_line    0x00000000000001e0       0x39 ./Core/Image/Recorder.o
 .debug_line    0x0000000000000219       0x38 ./Core/Image/USBDisk.o
 .debug_line    0x0000000000000251       0x39 ./Core/Image/Wireless.o
 .debug_line    0x000000000000028a       0x38 ./Core/Image/chujiao.o
 .debug_line    0x00000000000002c2       0x37 ./Core/Image/hwinfo.o
 .debug_line    0x00000000000002f9       0x36 ./Core/Image/radio.o
 .debug_line    0x000000000000032f       0x34 ./Core/Image/web.o
 .debug_line    0x0000000000000363      0xaba ./Core/Src/bmp_file.o
 .debug_line    0x0000000000000e1d      0xa52 ./Core/Src/hart_test.o
 .debug_line    0x000000000000186f      0xb37 ./Core/Src/main.o
 .debug_line    0x00000000000023a6      0xccc ./Core/Src/main_menu.o
 .debug_line    0x0000000000003072      0xa74 ./Core/Src/param.o
 .debug_line    0x0000000000003ae6      0x78e ./Core/Src/stm32f4xx_hal_msp.o
 .debug_line    0x0000000000004274      0xd78 ./Core/Src/stm32f4xx_hal_sram.o
 .debug_line    0x0000000000004fec     0x2aff ./Core/Src/stm32f4xx_hal_uart.o
 .debug_line    0x0000000000007aeb      0x850 ./Core/Src/stm32f4xx_it.o
 .debug_line    0x000000000000833b      0xa81 ./Core/Src/stm32f4xx_ll_fsmc.o
 .debug_line    0x0000000000008dbc      0x80f ./Core/Src/system_stm32f4xx.o
 .debug_line    0x00000000000095cb       0x7a ./Core/Startup/startup_stm32f407igtx.o
 .debug_line    0x0000000000009645      0xd87 ./Core/bsp/Src/LCD_RA8875.o
 .debug_line    0x000000000000a3cc      0x942 ./Core/bsp/Src/LCD_SPFD5420.o
 .debug_line    0x000000000000ad0e      0xb44 ./Core/bsp/Src/bsp_eeprom_24xx.o
 .debug_line    0x000000000000b852      0xaaa ./Core/bsp/Src/bsp_fsmc_sram.o
 .debug_line    0x000000000000c2fc      0xb9a ./Core/bsp/Src/bsp_i2c_gpio.o
 .debug_line    0x000000000000ce96      0xd59 ./Core/bsp/Src/bsp_key.o
 .debug_line    0x000000000000dbef      0xacd ./Core/bsp/Src/bsp_led.o
 .debug_line    0x000000000000e6bc      0xadd ./Core/bsp/Src/bsp_ra8875_port.o
 .debug_line    0x000000000000f199      0xec8 ./Core/bsp/Src/bsp_tft_lcd.o
 .debug_line    0x0000000000010061      0xb39 ./Core/bsp/Src/bsp_timer.o
 .debug_line    0x0000000000010b9a      0xa28 ./Core/bsp/Src/bsp_touch.o
 .debug_line    0x00000000000115c2      0xc05 ./Core/bsp/Src/bsp_uart_fifo.o
 .debug_line    0x00000000000121c7      0xa2f ./Core/bsp/bsp.o
 .debug_line    0x0000000000012bf6      0xa75 ./Drivers/STM32F4xx_HAL_Driver/Src/stm32f4xx_hal.o
 .debug_line    0x000000000001366b      0xd24 ./Drivers/STM32F4xx_HAL_Driver/Src/stm32f4xx_hal_cortex.o
 .debug_line    0x000000000001438f      0xbe9 ./Drivers/STM32F4xx_HAL_Driver/Src/stm32f4xx_hal_gpio.o
 .debug_line    0x0000000000014f78      0xdec ./Drivers/STM32F4xx_HAL_Driver/Src/stm32f4xx_hal_rcc.o

.debug_str      0x0000000000000000    0xcbb6d
 .debug_str     0x0000000000000000     0x2dae ./Core/Fonts/asc12.o
                                       0x2dc9 (size before relaxing)
 .debug_str     0x0000000000002dae       0x20 ./Core/Fonts/asc16.o
                                       0x2dc9 (size before relaxing)
 .debug_str     0x0000000000002dce       0x1a ./Core/Image/ADC.o
                                       0x2dc3 (size before relaxing)
 .debug_str     0x0000000000002de8       0x20 ./Core/Image/Camera.o
                                       0x2dc9 (size before relaxing)
 .debug_str     0x0000000000002e08       0x20 ./Core/Image/ChiLun.o
                                       0x2dc9 (size before relaxing)
 .debug_str     0x0000000000002e28       0x1a ./Core/Image/GPS.o
                                       0x2dc3 (size before relaxing)
 .debug_str     0x0000000000002e42       0x1a ./Core/Image/LCD.o
                                       0x2dc3 (size before relaxing)
 .debug_str     0x0000000000002e5c       0x1a ./Core/Image/MP3.o
                                       0x2dc3 (size before relaxing)
 .debug_str     0x0000000000002e76       0x1e ./Core/Image/Phone.o
                                       0x2dc7 (size before relaxing)
 .debug_str     0x0000000000002e94       0x24 ./Core/Image/Recorder.o
                                       0x2dcd (size before relaxing)
 .debug_str     0x0000000000002eb8       0x22 ./Core/Image/USBDisk.o
                                       0x2dcb (size before relaxing)
 .debug_str     0x0000000000002eda       0x24 ./Core/Image/Wireless.o
                                       0x2dcd (size before relaxing)
 .debug_str     0x0000000000002efe       0x22 ./Core/Image/chujiao.o
                                       0x2dcb (size before relaxing)
 .debug_str     0x0000000000002f20       0x20 ./Core/Image/hwinfo.o
                                       0x2dc9 (size before relaxing)
 .debug_str     0x0000000000002f40       0x1e ./Core/Image/radio.o
                                       0x2dc7 (size before relaxing)
 .debug_str     0x0000000000002f5e       0x1a ./Core/Image/web.o
                                       0x2dc3 (size before relaxing)
 .debug_str     0x0000000000002f78    0xc4572 ./Core/Src/bmp_file.o
                                      0xc75a6 (size before relaxing)
 .debug_str     0x00000000000c74ea      0x224 ./Core/Src/hart_test.o
                                      0xc6d7d (size before relaxing)
 .debug_str     0x00000000000c770e      0x612 ./Core/Src/main.o
                                      0xc7283 (size before relaxing)
 .debug_str     0x00000000000c7d20      0x4cd ./Core/Src/main_menu.o
                                      0xc745e (size before relaxing)
 .debug_str     0x00000000000c81ed       0x39 ./Core/Src/param.o
                                      0xc6d9b (size before relaxing)
 .debug_str     0x00000000000c8226       0x2c ./Core/Src/stm32f4xx_hal_msp.o
                                      0xc1782 (size before relaxing)
 .debug_str     0x00000000000c8252      0x5eb ./Core/Src/stm32f4xx_hal_sram.o
                                      0xc1e18 (size before relaxing)
 .debug_str     0x00000000000c883d      0x865 ./Core/Src/stm32f4xx_hal_uart.o
                                      0xc21ed (size before relaxing)
 .debug_str     0x00000000000c90a2       0xc9 ./Core/Src/stm32f4xx_it.o
                                      0xc1708 (size before relaxing)
 .debug_str     0x00000000000c916b      0x5a4 ./Core/Src/stm32f4xx_ll_fsmc.o
                                      0xc2085 (size before relaxing)
 .debug_str     0x00000000000c970f       0xdb ./Core/Src/system_stm32f4xx.o
                                      0xc1832 (size before relaxing)
 .debug_str     0x00000000000c97ea       0x34 ./Core/Startup/startup_stm32f407igtx.o
                                         0x50 (size before relaxing)
 .debug_str     0x00000000000c981e      0x294 ./Core/bsp/Src/LCD_RA8875.o
                                      0xc6ed7 (size before relaxing)
 .debug_str     0x00000000000c9ab2       0xf1 ./Core/bsp/Src/LCD_SPFD5420.o
                                      0xc5199 (size before relaxing)
 .debug_str     0x00000000000c9ba3       0x9d ./Core/bsp/Src/bsp_eeprom_24xx.o
                                      0xc6be8 (size before relaxing)
 .debug_str     0x00000000000c9c40       0xc3 ./Core/bsp/Src/bsp_fsmc_sram.o
                                      0xc71df (size before relaxing)
 .debug_str     0x00000000000c9d03      0x28c ./Core/bsp/Src/bsp_i2c_gpio.o
                                      0xc6f9a (size before relaxing)
 .debug_str     0x00000000000c9f8f      0x339 ./Core/bsp/Src/bsp_key.o
                                      0xc7233 (size before relaxing)
 .debug_str     0x00000000000ca2c8      0x13b ./Core/bsp/Src/bsp_led.o
                                      0xc6e3f (size before relaxing)
 .debug_str     0x00000000000ca403       0x22 ./Core/bsp/Src/bsp_ra8875_port.o
                                      0xc6be1 (size before relaxing)
 .debug_str     0x00000000000ca425      0x184 ./Core/bsp/Src/bsp_tft_lcd.o
                                      0xc75e7 (size before relaxing)
 .debug_str     0x00000000000ca5a9      0x5da ./Core/bsp/Src/bsp_timer.o
                                      0xc72e8 (size before relaxing)
 .debug_str     0x00000000000cab83      0x217 ./Core/bsp/Src/bsp_touch.o
                                      0xc54d0 (size before relaxing)
 .debug_str     0x00000000000cad9a      0x20d ./Core/bsp/Src/bsp_uart_fifo.o
                                      0xc79ad (size before relaxing)
 .debug_str     0x00000000000cafa7       0x1c ./Core/bsp/bsp.o
                                      0xc6d22 (size before relaxing)
 .debug_str     0x00000000000cafc3      0x59f ./Drivers/STM32F4xx_HAL_Driver/Src/stm32f4xx_hal.o
                                      0xc23b6 (size before relaxing)
 .debug_str     0x00000000000cb562      0x2e8 ./Drivers/STM32F4xx_HAL_Driver/Src/stm32f4xx_hal_cortex.o
                                      0xc20e9 (size before relaxing)
 .debug_str     0x00000000000cb84a      0x120 ./Drivers/STM32F4xx_HAL_Driver/Src/stm32f4xx_hal_gpio.o
                                      0xc19ad (size before relaxing)
 .debug_str     0x00000000000cb96a      0x203 ./Drivers/STM32F4xx_HAL_Driver/Src/stm32f4xx_hal_rcc.o
                                      0xc1c66 (size before relaxing)

.debug_rnglists
                0x0000000000000000      0x8e0
 .debug_rnglists
                0x0000000000000000       0x1a ./Core/Src/bmp_file.o
 .debug_rnglists
                0x000000000000001a       0x14 ./Core/Src/hart_test.o
 .debug_rnglists
                0x000000000000002e       0x32 ./Core/Src/main.o
 .debug_rnglists
                0x0000000000000060       0x1b ./Core/Src/main_menu.o
 .debug_rnglists
                0x000000000000007b       0x1a ./Core/Src/param.o
 .debug_rnglists
                0x0000000000000095       0x13 ./Core/Src/stm32f4xx_hal_msp.o
 .debug_rnglists
                0x00000000000000a8       0x8d ./Core/Src/stm32f4xx_hal_sram.o
 .debug_rnglists
                0x0000000000000135      0x1b7 ./Core/Src/stm32f4xx_hal_uart.o
 .debug_rnglists
                0x00000000000002ec       0x43 ./Core/Src/stm32f4xx_it.o
 .debug_rnglists
                0x000000000000032f       0x7c ./Core/Src/stm32f4xx_ll_fsmc.o
 .debug_rnglists
                0x00000000000003ab       0x1a ./Core/Src/system_stm32f4xx.o
 .debug_rnglists
                0x00000000000003c5       0x19 ./Core/Startup/startup_stm32f407igtx.o
 .debug_rnglists
                0x00000000000003de       0x90 ./Core/bsp/Src/LCD_RA8875.o
 .debug_rnglists
                0x000000000000046e       0x19 ./Core/bsp/Src/LCD_SPFD5420.o
 .debug_rnglists
                0x0000000000000487       0x1b ./Core/bsp/Src/bsp_eeprom_24xx.o
 .debug_rnglists
                0x00000000000004a2       0x14 ./Core/bsp/Src/bsp_fsmc_sram.o
 .debug_rnglists
                0x00000000000004b6       0x44 ./Core/bsp/Src/bsp_i2c_gpio.o
 .debug_rnglists
                0x00000000000004fa       0x69 ./Core/bsp/Src/bsp_key.o
 .debug_rnglists
                0x0000000000000563       0x20 ./Core/bsp/Src/bsp_led.o
 .debug_rnglists
                0x0000000000000583       0x31 ./Core/bsp/Src/bsp_ra8875_port.o
 .debug_rnglists
                0x00000000000005b4       0x60 ./Core/bsp/Src/bsp_tft_lcd.o
 .debug_rnglists
                0x0000000000000614       0x26 ./Core/bsp/Src/bsp_timer.o
 .debug_rnglists
                0x000000000000063a       0x26 ./Core/bsp/Src/bsp_touch.o
 .debug_rnglists
                0x0000000000000660       0x45 ./Core/bsp/Src/bsp_uart_fifo.o
 .debug_rnglists
                0x00000000000006a5       0x19 ./Core/bsp/bsp.o
 .debug_rnglists
                0x00000000000006be       0xaf ./Drivers/STM32F4xx_HAL_Driver/Src/stm32f4xx_hal.o
 .debug_rnglists
                0x000000000000076d       0xce ./Drivers/STM32F4xx_HAL_Driver/Src/stm32f4xx_hal_cortex.o
 .debug_rnglists
                0x000000000000083b       0x3f ./Drivers/STM32F4xx_HAL_Driver/Src/stm32f4xx_hal_gpio.o
 .debug_rnglists
                0x000000000000087a       0x66 ./Drivers/STM32F4xx_HAL_Driver/Src/stm32f4xx_hal_rcc.o

.debug_frame    0x0000000000000000     0x2c00
 .debug_frame   0x0000000000000000       0x60 ./Core/Src/bmp_file.o
 .debug_frame   0x0000000000000060       0x34 ./Core/Src/hart_test.o
 .debug_frame   0x0000000000000094       0xc8 ./Core/Src/main.o
 .debug_frame   0x000000000000015c       0x60 ./Core/Src/main_menu.o
 .debug_frame   0x00000000000001bc       0x48 ./Core/Src/param.o
 .debug_frame   0x0000000000000204       0x38 ./Core/Src/stm32f4xx_hal_msp.o
 .debug_frame   0x000000000000023c      0x30c ./Core/Src/stm32f4xx_hal_sram.o
 .debug_frame   0x0000000000000548      0x92c ./Core/Src/stm32f4xx_hal_uart.o
 .debug_frame   0x0000000000000e74      0x104 ./Core/Src/stm32f4xx_it.o
 .debug_frame   0x0000000000000f78      0x2dc ./Core/Src/stm32f4xx_ll_fsmc.o
 .debug_frame   0x0000000000001254       0x58 ./Core/Src/system_stm32f4xx.o
 .debug_frame   0x00000000000012ac      0x2f4 ./Core/bsp/Src/LCD_RA8875.o
 .debug_frame   0x00000000000015a0       0x54 ./Core/bsp/Src/LCD_SPFD5420.o
 .debug_frame   0x00000000000015f4       0x5c ./Core/bsp/Src/bsp_eeprom_24xx.o
 .debug_frame   0x0000000000001650       0x38 ./Core/bsp/Src/bsp_fsmc_sram.o
 .debug_frame   0x0000000000001688      0x138 ./Core/bsp/Src/bsp_i2c_gpio.o
 .debug_frame   0x00000000000017c0      0x200 ./Core/bsp/Src/bsp_key.o
 .debug_frame   0x00000000000019c0       0x7c ./Core/bsp/Src/bsp_led.o
 .debug_frame   0x0000000000001a3c      0x100 ./Core/bsp/Src/bsp_ra8875_port.o
 .debug_frame   0x0000000000001b3c      0x1f0 ./Core/bsp/Src/bsp_tft_lcd.o
 .debug_frame   0x0000000000001d2c       0xa4 ./Core/bsp/Src/bsp_timer.o
 .debug_frame   0x0000000000001dd0       0x98 ./Core/bsp/Src/bsp_touch.o
 .debug_frame   0x0000000000001e68      0x130 ./Core/bsp/Src/bsp_uart_fifo.o
 .debug_frame   0x0000000000001f98       0x48 ./Core/bsp/bsp.o
 .debug_frame   0x0000000000001fe0      0x374 ./Drivers/STM32F4xx_HAL_Driver/Src/stm32f4xx_hal.o
 .debug_frame   0x0000000000002354      0x498 ./Drivers/STM32F4xx_HAL_Driver/Src/stm32f4xx_hal_cortex.o
 .debug_frame   0x00000000000027ec      0x14c ./Drivers/STM32F4xx_HAL_Driver/Src/stm32f4xx_hal_gpio.o
 .debug_frame   0x0000000000002938      0x1f4 ./Drivers/STM32F4xx_HAL_Driver/Src/stm32f4xx_hal_rcc.o
 .debug_frame   0x0000000000002b2c       0x20 C:/ST/STM32CubeIDE_1.13.2/STM32CubeIDE/plugins/com.st.stm32cube.ide.mcu.externaltools.gnu-tools-for-stm32.11.3.rel1.win32_1.1.1.202309131626/tools/bin/../lib/gcc/arm-none-eabi/11.3.1/../../../../arm-none-eabi/lib/thumb/v7e-m+fp/hard\libc_nano.a(libc_a-memset.o)