../Core/bsp/Src/bsp_key.c:117:17:IsKeyDown1	8	static
../Core/bsp/Src/bsp_key.c:118:17:IsKeyDown2	8	static
../Core/bsp/Src/bsp_key.c:119:17:IsKeyDown3	8	static
../Core/bsp/Src/bsp_key.c:120:17:IsKeyDown4	8	static
../Core/bsp/Src/bsp_key.c:121:17:IsKeyDown5	8	static
../Core/bsp/Src/bsp_key.c:122:17:IsKeyDown6	8	static
../Core/bsp/Src/bsp_key.c:123:17:IsKeyDown7	8	static
../Core/bsp/Src/bsp_key.c:124:17:IsKeyDown8	8	static
../Core/bsp/Src/bsp_key.c:126:17:IsKeyDown9	8	static
../Core/bsp/Src/bsp_key.c:127:17:IsKeyDown10	8	static
../Core/bsp/Src/bsp_key.c:136:6:bsp_InitKey	8	static
../Core/bsp/Src/bsp_key.c:147:13:bsp_InitKeyHard	48	static
../Core/bsp/Src/bsp_key.c:193:13:bsp_InitKeyVar	16	static
../Core/bsp/Src/bsp_key.c:252:6:bsp_PutKey	16	static
../Core/bsp/Src/bsp_key.c:270:13:bsp_DetectKey	24	static
../Core/bsp/Src/bsp_key.c:353:6:bsp_KeyScan	16	static
../Core/bsp/Src/bsp_key.c:368:9:bsp_GetKey2	16	static
../Core/bsp/Src/bsp_key.c:393:9:bsp_GetKey	16	static
