../Core/bsp/Src/bsp_i2c_gpio.c:30:6:i2c_Delay	16	static
../Core/bsp/Src/bsp_i2c_gpio.c:41:6:i2c_Start	8	static
../Core/bsp/Src/bsp_i2c_gpio.c:57:6:i2c_SendByte	24	static
../Core/bsp/Src/bsp_i2c_gpio.c:89:9:i2c_ReadByte	16	static
../Core/bsp/Src/bsp_i2c_gpio.c:116:9:i2c_WaitAck	16	static
../Core/bsp/Src/bsp_i2c_gpio.c:142:6:i2c_Ack	8	static
../Core/bsp/Src/bsp_i2c_gpio.c:158:6:i2c_NAck	8	static
../Core/bsp/Src/bsp_i2c_gpio.c:174:6:i2c_Stop	8	static
../Core/bsp/Src/bsp_i2c_gpio.c:187:6:bsp_InitI2C	32	static
../Core/bsp/Src/bsp_i2c_gpio.c:208:9:i2c_CheckDevice	24	static
