../Core/bsp/Src/bsp_touch.c:99:6:TOUCH_InitHard	8	static
../Core/bsp/Src/bsp_touch.c:123:13:TOUCH_LoadParam	8	static
../Core/bsp/Src/bsp_touch.c:146:9:TOUCH_GetKey	24	static
../Core/bsp/Src/bsp_touch.c:173:9:TOUCH_InRect	16	static
../Core/bsp/Src/bsp_touch.c:192:16:CalTwoPoint	16	static
../Core/bsp/Src/bsp_touch.c:202:16:TOUCH_TransX	40	static
../Core/bsp/Src/bsp_touch.c:241:16:TOUCH_TransY	40	static
../Core/bsp/Src/bsp_touch.c:321:6:TOUCH_PutKey	24	static
../Core/bsp/Src/bsp_touch.c:338:9:TOUCH_MoveValid	32	static
../Core/bsp/Src/bsp_touch.c:367:6:TOUCH_Scan	16	static
../Core/bsp/Src/bsp_touch.c:463:6:TOUCH_Calibration	32	static
../Core/bsp/Src/bsp_touch.c:549:6:TOUCH_CelarFIFO	4	static,ignoring_inline_asm
../Core/bsp/Src/bsp_touch.c:563:13:TOUCH_DispPoint	40	static
../Core/bsp/Src/bsp_touch.c:607:6:TOUCH_WaitRelease	24	static
../Core/bsp/Src/bsp_touch.c:637:16:TOUCH_PressValid	16	static
../Core/bsp/Src/bsp_touch.c:656:10:TOUCH_ReadAdcX	24	static,ignoring_inline_asm
../Core/bsp/Src/bsp_touch.c:673:10:TOUCH_ReadAdcY	24	static,ignoring_inline_asm
../Core/bsp/Src/bsp_touch.c:689:9:TOUCH_Abs	16	static
../Core/bsp/Src/bsp_touch.c:706:17:TOUCH_DataFilter	32	static
../Core/bsp/Src/bsp_touch.c:743:13:TOUCH_SaveParam	8	static
