../Core/bsp/Src/LCD_RA8875.c:36:10:RA8875_ReadID	8	static
../Core/bsp/Src/LCD_RA8875.c:46:16:RA8875_ReadReg	16	static
../Core/bsp/Src/LCD_RA8875.c:57:13:RA8875_WriteReg	16	static
../Core/bsp/Src/LCD_RA8875.c:72:6:RA8875_InitHard	16	static
../Core/bsp/Src/LCD_RA8875.c:366:6:RA8875_SetDispWin	32	static
../Core/bsp/Src/LCD_RA8875.c:417:13:RA8875_SetCursor	16	static
../Core/bsp/Src/LCD_RA8875.c:432:6:RA8875_ClrScr	32	static
../Core/bsp/Src/LCD_RA8875.c:446:6:RA8875_PutPixel	16	static
../Core/bsp/Src/LCD_RA8875.c:467:13:BTE_SetTarBlock	24	static
../Core/bsp/Src/LCD_RA8875.c:498:13:BTE_SetOperateCode	16	static
../Core/bsp/Src/LCD_RA8875.c:508:6:RA8875_SetFrontColor	16	static
../Core/bsp/Src/LCD_RA8875.c:520:6:RA8875_DrawBMP	32	static
../Core/bsp/Src/LCD_RA8875.c:546:6:RA8875_QuitWinMode	8	static
../Core/bsp/Src/LCD_RA8875.c:556:6:RA8875_WriteData16	16	static
../Core/bsp/Src/LCD_RA8875.c:581:13:BTE_Start	8	static
../Core/bsp/Src/LCD_RA8875.c:595:13:BTE_Wait	8	static
../Core/bsp/Src/LCD_RA8875.c:609:6:RA8875_SetBackLight	16	static
../Core/bsp/Src/LCD_RA8875.c:679:10:RA8875_GetPixel	24	static
../Core/bsp/Src/LCD_RA8875.c:704:13:RA8875_SetReadCursor	16	static
../Core/bsp/Src/LCD_RA8875.c:717:10:RA8875_ReadData16	16	static
../Core/bsp/Src/LCD_RA8875.c:746:6:RA8875_TouchInit	8	static
../Core/bsp/Src/LCD_RA8875.c:759:6:TOUCH_Poll	176	static
../Core/bsp/Src/LCD_RA8875.c:807:6:RA8875_DrawRect	24	static
../Core/bsp/Src/LCD_RA8875.c:836:6:RA8875_WaitBusy	8	static
../Core/bsp/Src/LCD_RA8875.c:846:6:RA8875_DrawCircle	24	static
../Core/bsp/Src/LCD_RA8875.c:875:9:RA8875_IsBusy	4	static
../Core/bsp/Src/LCD_RA8875.c:889:10:RA8875_TouchReadX	16	static
../Core/bsp/Src/LCD_RA8875.c:928:10:RA8875_TouchReadY	4	static
../Core/bsp/Src/LCD_RA8875.c:938:6:RA8875_FillRect	24	static
